[0.127s] DEBUG:colcon:Command line arguments: ['/usr/bin/colcon', 'build', '--packages-select', 'dual_rviz_jazzy']
[0.127s] DEBUG:colcon:Parsed command line arguments: Namespace(log_base=None, log_level=None, verb_name='build', build_base='build', install_base='install', merge_install=False, symlink_install=False, test_result_base=None, continue_on_error=False, executor='parallel', parallel_workers=8, event_handlers=None, ignore_user_meta=False, metas=['./colcon.meta'], base_paths=['.'], packages_ignore=None, packages_ignore_regex=None, paths=None, packages_up_to=None, packages_up_to_regex=None, packages_above=None, packages_above_and_dependencies=None, packages_above_depth=None, packages_select_by_dep=None, packages_skip_by_dep=None, packages_skip_up_to=None, packages_select_build_failed=False, packages_skip_build_finished=False, packages_select_test_failures=False, packages_skip_test_passed=False, packages_select=['dual_rviz_jazzy'], packages_skip=None, packages_select_regex=None, packages_skip_regex=None, packages_start=None, packages_end=None, allow_overriding=[], cmake_args=None, cmake_target=None, cmake_target_skip_unavailable=False, cmake_clean_cache=False, cmake_clean_first=False, cmake_force_configure=False, ament_cmake_args=None, catkin_cmake_args=None, catkin_skip_building_tests=False, mixin_files=None, mixin=None, verb_parser=<colcon_mixin.mixin.mixin_argument.MixinArgumentDecorator object at 0x7055e66a05c0>, verb_extension=<colcon_core.verb.build.BuildVerb object at 0x7055e66a02c0>, main=<bound method BuildVerb.main of <colcon_core.verb.build.BuildVerb object at 0x7055e66a02c0>>, mixin_verb=('build',))
[0.176s] Level 1:colcon.colcon_core.package_discovery:discover_packages(colcon_meta) check parameters
[0.177s] Level 1:colcon.colcon_core.package_discovery:discover_packages(recursive) check parameters
[0.177s] Level 1:colcon.colcon_core.package_discovery:discover_packages(ignore) check parameters
[0.177s] Level 1:colcon.colcon_core.package_discovery:discover_packages(path) check parameters
[0.177s] Level 1:colcon.colcon_core.package_discovery:discover_packages(colcon_meta) discover
[0.177s] Level 1:colcon.colcon_core.package_discovery:discover_packages(recursive) discover
[0.177s] INFO:colcon.colcon_core.package_discovery:Crawling recursively for packages in '/home/antoine/Documents/drones'
[0.177s] Level 1:colcon.colcon_core.package_identification:_identify(.) by extensions ['ignore', 'ignore_ament_install']
[0.177s] Level 1:colcon.colcon_core.package_identification:_identify(.) by extension 'ignore'
[0.177s] Level 1:colcon.colcon_core.package_identification:_identify(.) by extension 'ignore_ament_install'
[0.177s] Level 1:colcon.colcon_core.package_identification:_identify(.) by extensions ['colcon_pkg']
[0.177s] Level 1:colcon.colcon_core.package_identification:_identify(.) by extension 'colcon_pkg'
[0.177s] Level 1:colcon.colcon_core.package_identification:_identify(.) by extensions ['colcon_meta']
[0.177s] Level 1:colcon.colcon_core.package_identification:_identify(.) by extension 'colcon_meta'
[0.177s] Level 1:colcon.colcon_core.package_identification:_identify(.) by extensions ['ros']
[0.177s] Level 1:colcon.colcon_core.package_identification:_identify(.) by extension 'ros'
[0.212s] Level 1:colcon.colcon_core.package_identification:_identify(.) by extensions ['cmake', 'python']
[0.212s] Level 1:colcon.colcon_core.package_identification:_identify(.) by extension 'cmake'
[0.212s] Level 1:colcon.colcon_core.package_identification:_identify(.) by extension 'python'
[0.212s] Level 1:colcon.colcon_core.package_identification:_identify(.) by extensions ['python_setup_py']
[0.212s] Level 1:colcon.colcon_core.package_identification:_identify(.) by extension 'python_setup_py'
[0.212s] Level 1:colcon.colcon_core.package_identification:_identify(__pycache__) by extensions ['ignore', 'ignore_ament_install']
[0.212s] Level 1:colcon.colcon_core.package_identification:_identify(__pycache__) by extension 'ignore'
[0.212s] Level 1:colcon.colcon_core.package_identification:_identify(__pycache__) by extension 'ignore_ament_install'
[0.212s] Level 1:colcon.colcon_core.package_identification:_identify(__pycache__) by extensions ['colcon_pkg']
[0.212s] Level 1:colcon.colcon_core.package_identification:_identify(__pycache__) by extension 'colcon_pkg'
[0.212s] Level 1:colcon.colcon_core.package_identification:_identify(__pycache__) by extensions ['colcon_meta']
[0.212s] Level 1:colcon.colcon_core.package_identification:_identify(__pycache__) by extension 'colcon_meta'
[0.212s] Level 1:colcon.colcon_core.package_identification:_identify(__pycache__) by extensions ['ros']
[0.212s] Level 1:colcon.colcon_core.package_identification:_identify(__pycache__) by extension 'ros'
[0.212s] Level 1:colcon.colcon_core.package_identification:_identify(__pycache__) by extensions ['cmake', 'python']
[0.212s] Level 1:colcon.colcon_core.package_identification:_identify(__pycache__) by extension 'cmake'
[0.212s] Level 1:colcon.colcon_core.package_identification:_identify(__pycache__) by extension 'python'
[0.212s] Level 1:colcon.colcon_core.package_identification:_identify(__pycache__) by extensions ['python_setup_py']
[0.212s] Level 1:colcon.colcon_core.package_identification:_identify(__pycache__) by extension 'python_setup_py'
[0.212s] Level 1:colcon.colcon_core.package_identification:_identify(build) by extensions ['ignore', 'ignore_ament_install']
[0.212s] Level 1:colcon.colcon_core.package_identification:_identify(build) by extension 'ignore'
[0.212s] Level 1:colcon.colcon_core.package_identification:_identify(build) ignored
[0.213s] Level 1:colcon.colcon_core.package_identification:_identify(dual_rviz_jazzy) by extensions ['ignore', 'ignore_ament_install']
[0.213s] Level 1:colcon.colcon_core.package_identification:_identify(dual_rviz_jazzy) by extension 'ignore'
[0.213s] Level 1:colcon.colcon_core.package_identification:_identify(dual_rviz_jazzy) by extension 'ignore_ament_install'
[0.213s] Level 1:colcon.colcon_core.package_identification:_identify(dual_rviz_jazzy) by extensions ['colcon_pkg']
[0.213s] Level 1:colcon.colcon_core.package_identification:_identify(dual_rviz_jazzy) by extension 'colcon_pkg'
[0.213s] Level 1:colcon.colcon_core.package_identification:_identify(dual_rviz_jazzy) by extensions ['colcon_meta']
[0.213s] Level 1:colcon.colcon_core.package_identification:_identify(dual_rviz_jazzy) by extension 'colcon_meta'
[0.213s] Level 1:colcon.colcon_core.package_identification:_identify(dual_rviz_jazzy) by extensions ['ros']
[0.213s] Level 1:colcon.colcon_core.package_identification:_identify(dual_rviz_jazzy) by extension 'ros'
[0.216s] DEBUG:colcon.colcon_core.package_identification:Package 'dual_rviz_jazzy' with type 'ros.ament_cmake' and name 'dual_rviz_jazzy'
[0.216s] Level 1:colcon.colcon_core.package_identification:_identify(install) by extensions ['ignore', 'ignore_ament_install']
[0.216s] Level 1:colcon.colcon_core.package_identification:_identify(install) by extension 'ignore'
[0.216s] Level 1:colcon.colcon_core.package_identification:_identify(install) ignored
[0.216s] Level 1:colcon.colcon_core.package_identification:_identify(log) by extensions ['ignore', 'ignore_ament_install']
[0.217s] Level 1:colcon.colcon_core.package_identification:_identify(log) by extension 'ignore'
[0.217s] Level 1:colcon.colcon_core.package_identification:_identify(log) ignored
[0.217s] Level 1:colcon.colcon_core.package_identification:_identify(src) by extensions ['ignore', 'ignore_ament_install']
[0.217s] Level 1:colcon.colcon_core.package_identification:_identify(src) by extension 'ignore'
[0.217s] Level 1:colcon.colcon_core.package_identification:_identify(src) by extension 'ignore_ament_install'
[0.217s] Level 1:colcon.colcon_core.package_identification:_identify(src) by extensions ['colcon_pkg']
[0.217s] Level 1:colcon.colcon_core.package_identification:_identify(src) by extension 'colcon_pkg'
[0.217s] Level 1:colcon.colcon_core.package_identification:_identify(src) by extensions ['colcon_meta']
[0.217s] Level 1:colcon.colcon_core.package_identification:_identify(src) by extension 'colcon_meta'
[0.217s] Level 1:colcon.colcon_core.package_identification:_identify(src) by extensions ['ros']
[0.217s] Level 1:colcon.colcon_core.package_identification:_identify(src) by extension 'ros'
[0.217s] Level 1:colcon.colcon_core.package_identification:_identify(src) by extensions ['cmake', 'python']
[0.217s] Level 1:colcon.colcon_core.package_identification:_identify(src) by extension 'cmake'
[0.217s] Level 1:colcon.colcon_core.package_identification:_identify(src) by extension 'python'
[0.217s] Level 1:colcon.colcon_core.package_identification:_identify(src) by extensions ['python_setup_py']
[0.217s] Level 1:colcon.colcon_core.package_identification:_identify(src) by extension 'python_setup_py'
[0.217s] Level 1:colcon.colcon_core.package_identification:_identify(src/px4_keyboard_teleop) by extensions ['ignore', 'ignore_ament_install']
[0.217s] Level 1:colcon.colcon_core.package_identification:_identify(src/px4_keyboard_teleop) by extension 'ignore'
[0.217s] Level 1:colcon.colcon_core.package_identification:_identify(src/px4_keyboard_teleop) by extension 'ignore_ament_install'
[0.217s] Level 1:colcon.colcon_core.package_identification:_identify(src/px4_keyboard_teleop) by extensions ['colcon_pkg']
[0.217s] Level 1:colcon.colcon_core.package_identification:_identify(src/px4_keyboard_teleop) by extension 'colcon_pkg'
[0.217s] Level 1:colcon.colcon_core.package_identification:_identify(src/px4_keyboard_teleop) by extensions ['colcon_meta']
[0.217s] Level 1:colcon.colcon_core.package_identification:_identify(src/px4_keyboard_teleop) by extension 'colcon_meta'
[0.217s] Level 1:colcon.colcon_core.package_identification:_identify(src/px4_keyboard_teleop) by extensions ['ros']
[0.217s] Level 1:colcon.colcon_core.package_identification:_identify(src/px4_keyboard_teleop) by extension 'ros'
[0.218s] DEBUG:colcon.colcon_core.package_identification:Package 'src/px4_keyboard_teleop' with type 'ros.ament_python' and name 'px4_keyboard_teleop'
[0.218s] Level 1:colcon.colcon_core.package_identification:_identify(tugbot_depot) by extensions ['ignore', 'ignore_ament_install']
[0.218s] Level 1:colcon.colcon_core.package_identification:_identify(tugbot_depot) by extension 'ignore'
[0.218s] Level 1:colcon.colcon_core.package_identification:_identify(tugbot_depot) by extension 'ignore_ament_install'
[0.218s] Level 1:colcon.colcon_core.package_identification:_identify(tugbot_depot) by extensions ['colcon_pkg']
[0.218s] Level 1:colcon.colcon_core.package_identification:_identify(tugbot_depot) by extension 'colcon_pkg'
[0.218s] Level 1:colcon.colcon_core.package_identification:_identify(tugbot_depot) by extensions ['colcon_meta']
[0.219s] Level 1:colcon.colcon_core.package_identification:_identify(tugbot_depot) by extension 'colcon_meta'
[0.219s] Level 1:colcon.colcon_core.package_identification:_identify(tugbot_depot) by extensions ['ros']
[0.219s] Level 1:colcon.colcon_core.package_identification:_identify(tugbot_depot) by extension 'ros'
[0.219s] Level 1:colcon.colcon_core.package_identification:_identify(tugbot_depot) by extensions ['cmake', 'python']
[0.219s] Level 1:colcon.colcon_core.package_identification:_identify(tugbot_depot) by extension 'cmake'
[0.219s] Level 1:colcon.colcon_core.package_identification:_identify(tugbot_depot) by extension 'python'
[0.219s] Level 1:colcon.colcon_core.package_identification:_identify(tugbot_depot) by extensions ['python_setup_py']
[0.219s] Level 1:colcon.colcon_core.package_identification:_identify(tugbot_depot) by extension 'python_setup_py'
[0.219s] Level 1:colcon.colcon_core.package_identification:_identify(tugbot_depot/thumbnails) by extensions ['ignore', 'ignore_ament_install']
[0.219s] Level 1:colcon.colcon_core.package_identification:_identify(tugbot_depot/thumbnails) by extension 'ignore'
[0.219s] Level 1:colcon.colcon_core.package_identification:_identify(tugbot_depot/thumbnails) by extension 'ignore_ament_install'
[0.219s] Level 1:colcon.colcon_core.package_identification:_identify(tugbot_depot/thumbnails) by extensions ['colcon_pkg']
[0.219s] Level 1:colcon.colcon_core.package_identification:_identify(tugbot_depot/thumbnails) by extension 'colcon_pkg'
[0.219s] Level 1:colcon.colcon_core.package_identification:_identify(tugbot_depot/thumbnails) by extensions ['colcon_meta']
[0.219s] Level 1:colcon.colcon_core.package_identification:_identify(tugbot_depot/thumbnails) by extension 'colcon_meta'
[0.219s] Level 1:colcon.colcon_core.package_identification:_identify(tugbot_depot/thumbnails) by extensions ['ros']
[0.219s] Level 1:colcon.colcon_core.package_identification:_identify(tugbot_depot/thumbnails) by extension 'ros'
[0.219s] Level 1:colcon.colcon_core.package_identification:_identify(tugbot_depot/thumbnails) by extensions ['cmake', 'python']
[0.219s] Level 1:colcon.colcon_core.package_identification:_identify(tugbot_depot/thumbnails) by extension 'cmake'
[0.219s] Level 1:colcon.colcon_core.package_identification:_identify(tugbot_depot/thumbnails) by extension 'python'
[0.219s] Level 1:colcon.colcon_core.package_identification:_identify(tugbot_depot/thumbnails) by extensions ['python_setup_py']
[0.219s] Level 1:colcon.colcon_core.package_identification:_identify(tugbot_depot/thumbnails) by extension 'python_setup_py'
[0.219s] Level 1:colcon.colcon_core.package_discovery:discover_packages(recursive) using defaults
[0.219s] Level 1:colcon.colcon_core.package_discovery:discover_packages(ignore) discover
[0.219s] Level 1:colcon.colcon_core.package_discovery:discover_packages(ignore) using defaults
[0.219s] Level 1:colcon.colcon_core.package_discovery:discover_packages(path) discover
[0.219s] Level 1:colcon.colcon_core.package_discovery:discover_packages(path) using defaults
[0.242s] INFO:colcon.colcon_core.package_selection:Skipping not selected package 'px4_keyboard_teleop' in 'src/px4_keyboard_teleop'
[0.243s] Level 1:colcon.colcon_core.package_discovery:discover_packages(prefix_path) check parameters
[0.243s] Level 1:colcon.colcon_core.package_discovery:discover_packages(prefix_path) discover
[0.244s] WARNING:colcon.colcon_core.prefix_path.colcon:The path '/home/antoine/ros2_ws/install' in the environment variable COLCON_PREFIX_PATH doesn't exist
[0.244s] WARNING:colcon.colcon_ros.prefix_path.ament:The path '/home/antoine/ros2_ws/install/ros_tcp_endpoint' in the environment variable AMENT_PREFIX_PATH doesn't exist
[0.244s] WARNING:colcon.colcon_ros.prefix_path.ament:The path '/home/antoine/ros2_ws/install/px4_msgs' in the environment variable AMENT_PREFIX_PATH doesn't exist
[0.244s] WARNING:colcon.colcon_ros.prefix_path.ament:The path '/home/antoine/ros2_ws/install/fast_lio' in the environment variable AMENT_PREFIX_PATH doesn't exist
[0.244s] WARNING:colcon.colcon_ros.prefix_path.catkin:The path '/home/antoine/ros2_ws/install/px4_msgs' in the environment variable CMAKE_PREFIX_PATH doesn't exist
[0.244s] WARNING:colcon.colcon_ros.prefix_path.catkin:The path '/home/antoine/ros2_ws/install/fast_lio' in the environment variable CMAKE_PREFIX_PATH doesn't exist
[0.246s] DEBUG:colcon.colcon_installed_package_information.package_discovery:Found 346 installed packages in /opt/ros/jazzy
[0.247s] Level 1:colcon.colcon_core.package_discovery:discover_packages(prefix_path) using defaults
[0.294s] Level 5:colcon.colcon_core.verb:set package 'dual_rviz_jazzy' build argument 'cmake_args' from command line to 'None'
[0.294s] Level 5:colcon.colcon_core.verb:set package 'dual_rviz_jazzy' build argument 'cmake_target' from command line to 'None'
[0.294s] Level 5:colcon.colcon_core.verb:set package 'dual_rviz_jazzy' build argument 'cmake_target_skip_unavailable' from command line to 'False'
[0.295s] Level 5:colcon.colcon_core.verb:set package 'dual_rviz_jazzy' build argument 'cmake_clean_cache' from command line to 'False'
[0.295s] Level 5:colcon.colcon_core.verb:set package 'dual_rviz_jazzy' build argument 'cmake_clean_first' from command line to 'False'
[0.295s] Level 5:colcon.colcon_core.verb:set package 'dual_rviz_jazzy' build argument 'cmake_force_configure' from command line to 'False'
[0.295s] Level 5:colcon.colcon_core.verb:set package 'dual_rviz_jazzy' build argument 'ament_cmake_args' from command line to 'None'
[0.295s] Level 5:colcon.colcon_core.verb:set package 'dual_rviz_jazzy' build argument 'catkin_cmake_args' from command line to 'None'
[0.295s] Level 5:colcon.colcon_core.verb:set package 'dual_rviz_jazzy' build argument 'catkin_skip_building_tests' from command line to 'False'
[0.295s] DEBUG:colcon.colcon_core.verb:Building package 'dual_rviz_jazzy' with the following arguments: {'ament_cmake_args': None, 'build_base': '/home/antoine/Documents/drones/build/dual_rviz_jazzy', 'catkin_cmake_args': None, 'catkin_skip_building_tests': False, 'cmake_args': None, 'cmake_clean_cache': False, 'cmake_clean_first': False, 'cmake_force_configure': False, 'cmake_target': None, 'cmake_target_skip_unavailable': False, 'install_base': '/home/antoine/Documents/drones/install/dual_rviz_jazzy', 'merge_install': False, 'path': '/home/antoine/Documents/drones/dual_rviz_jazzy', 'symlink_install': False, 'test_result_base': None}
[0.295s] INFO:colcon.colcon_core.executor:Executing jobs using 'parallel' executor
[0.295s] DEBUG:colcon.colcon_parallel_executor.executor.parallel:run_until_complete
[0.296s] INFO:colcon.colcon_ros.task.ament_cmake.build:Building ROS package in '/home/antoine/Documents/drones/dual_rviz_jazzy' with build type 'ament_cmake'
[0.296s] INFO:colcon.colcon_cmake.task.cmake.build:Building CMake package in '/home/antoine/Documents/drones/dual_rviz_jazzy'
[0.298s] INFO:colcon.colcon_core.plugin_system:Skipping extension 'colcon_core.shell.bat': Not used on non-Windows systems
[0.298s] INFO:colcon.colcon_core.shell:Skip shell extension 'powershell' for command environment: Not usable outside of PowerShell
[0.298s] DEBUG:colcon.colcon_core.shell:Skip shell extension 'dsv' for command environment
[0.307s] DEBUG:colcon.colcon_core.event_handler.log_command:Invoking command in '/home/antoine/Documents/drones/build/dual_rviz_jazzy': CMAKE_PREFIX_PATH=${CMAKE_PREFIX_PATH}:/home/antoine/ros2_ws/install/ros_tcp_endpoint:/opt/ros/jazzy /usr/bin/cmake --build /home/antoine/Documents/drones/build/dual_rviz_jazzy -- -j8 -l8
[25.798s] DEBUG:colcon.colcon_core.event_handler.log_command:Invoked command in '/home/antoine/Documents/drones/build/dual_rviz_jazzy' returned '0': CMAKE_PREFIX_PATH=${CMAKE_PREFIX_PATH}:/home/antoine/ros2_ws/install/ros_tcp_endpoint:/opt/ros/jazzy /usr/bin/cmake --build /home/antoine/Documents/drones/build/dual_rviz_jazzy -- -j8 -l8
[25.811s] DEBUG:colcon.colcon_core.event_handler.log_command:Invoking command in '/home/antoine/Documents/drones/build/dual_rviz_jazzy': CMAKE_PREFIX_PATH=${CMAKE_PREFIX_PATH}:/home/antoine/ros2_ws/install/ros_tcp_endpoint:/opt/ros/jazzy /usr/bin/cmake --install /home/antoine/Documents/drones/build/dual_rviz_jazzy
[25.840s] Level 1:colcon.colcon_core.environment:create_environment_scripts_only(dual_rviz_jazzy)
[25.842s] DEBUG:colcon.colcon_core.event_handler.log_command:Invoked command in '/home/antoine/Documents/drones/build/dual_rviz_jazzy' returned '0': CMAKE_PREFIX_PATH=${CMAKE_PREFIX_PATH}:/home/antoine/ros2_ws/install/ros_tcp_endpoint:/opt/ros/jazzy /usr/bin/cmake --install /home/antoine/Documents/drones/build/dual_rviz_jazzy
[25.843s] Level 1:colcon.colcon_core.environment:checking '/home/antoine/Documents/drones/install/dual_rviz_jazzy' for CMake module files
[25.843s] Level 1:colcon.colcon_core.environment:checking '/home/antoine/Documents/drones/install/dual_rviz_jazzy' for CMake config files
[25.843s] Level 1:colcon.colcon_core.shell:create_environment_hook('dual_rviz_jazzy', 'cmake_prefix_path')
[25.843s] INFO:colcon.colcon_core.shell:Creating environment hook '/home/antoine/Documents/drones/install/dual_rviz_jazzy/share/dual_rviz_jazzy/hook/cmake_prefix_path.ps1'
[25.844s] INFO:colcon.colcon_core.shell:Creating environment descriptor '/home/antoine/Documents/drones/install/dual_rviz_jazzy/share/dual_rviz_jazzy/hook/cmake_prefix_path.dsv'
[25.844s] INFO:colcon.colcon_core.shell:Creating environment hook '/home/antoine/Documents/drones/install/dual_rviz_jazzy/share/dual_rviz_jazzy/hook/cmake_prefix_path.sh'
[25.845s] Level 1:colcon.colcon_core.environment:checking '/home/antoine/Documents/drones/install/dual_rviz_jazzy/lib'
[25.845s] Level 1:colcon.colcon_core.environment:checking '/home/antoine/Documents/drones/install/dual_rviz_jazzy/bin'
[25.845s] Level 1:colcon.colcon_core.environment:checking '/home/antoine/Documents/drones/install/dual_rviz_jazzy/lib/pkgconfig/dual_rviz_jazzy.pc'
[25.846s] Level 1:colcon.colcon_core.environment:checking '/home/antoine/Documents/drones/install/dual_rviz_jazzy/lib/python3.12/site-packages'
[25.846s] Level 1:colcon.colcon_core.environment:checking '/home/antoine/Documents/drones/install/dual_rviz_jazzy/bin'
[25.846s] INFO:colcon.colcon_core.shell:Creating package script '/home/antoine/Documents/drones/install/dual_rviz_jazzy/share/dual_rviz_jazzy/package.ps1'
[25.847s] INFO:colcon.colcon_core.shell:Creating package descriptor '/home/antoine/Documents/drones/install/dual_rviz_jazzy/share/dual_rviz_jazzy/package.dsv'
[25.847s] INFO:colcon.colcon_core.shell:Creating package script '/home/antoine/Documents/drones/install/dual_rviz_jazzy/share/dual_rviz_jazzy/package.sh'
[25.848s] INFO:colcon.colcon_core.shell:Creating package script '/home/antoine/Documents/drones/install/dual_rviz_jazzy/share/dual_rviz_jazzy/package.bash'
[25.849s] INFO:colcon.colcon_core.shell:Creating package script '/home/antoine/Documents/drones/install/dual_rviz_jazzy/share/dual_rviz_jazzy/package.zsh'
[25.850s] Level 1:colcon.colcon_core.environment:create_file_with_runtime_dependencies(/home/antoine/Documents/drones/install/dual_rviz_jazzy/share/colcon-core/packages/dual_rviz_jazzy)
[25.850s] Level 1:colcon.colcon_core.environment:create_environment_scripts_only(dual_rviz_jazzy)
[25.851s] Level 1:colcon.colcon_core.environment:checking '/home/antoine/Documents/drones/install/dual_rviz_jazzy' for CMake module files
[25.851s] Level 1:colcon.colcon_core.environment:checking '/home/antoine/Documents/drones/install/dual_rviz_jazzy' for CMake config files
[25.851s] Level 1:colcon.colcon_core.shell:create_environment_hook('dual_rviz_jazzy', 'cmake_prefix_path')
[25.852s] INFO:colcon.colcon_core.shell:Creating environment hook '/home/antoine/Documents/drones/install/dual_rviz_jazzy/share/dual_rviz_jazzy/hook/cmake_prefix_path.ps1'
[25.852s] INFO:colcon.colcon_core.shell:Creating environment descriptor '/home/antoine/Documents/drones/install/dual_rviz_jazzy/share/dual_rviz_jazzy/hook/cmake_prefix_path.dsv'
[25.853s] INFO:colcon.colcon_core.shell:Creating environment hook '/home/antoine/Documents/drones/install/dual_rviz_jazzy/share/dual_rviz_jazzy/hook/cmake_prefix_path.sh'
[25.853s] Level 1:colcon.colcon_core.environment:checking '/home/antoine/Documents/drones/install/dual_rviz_jazzy/lib'
[25.854s] Level 1:colcon.colcon_core.environment:checking '/home/antoine/Documents/drones/install/dual_rviz_jazzy/bin'
[25.854s] Level 1:colcon.colcon_core.environment:checking '/home/antoine/Documents/drones/install/dual_rviz_jazzy/lib/pkgconfig/dual_rviz_jazzy.pc'
[25.854s] Level 1:colcon.colcon_core.environment:checking '/home/antoine/Documents/drones/install/dual_rviz_jazzy/lib/python3.12/site-packages'
[25.854s] Level 1:colcon.colcon_core.environment:checking '/home/antoine/Documents/drones/install/dual_rviz_jazzy/bin'
[25.855s] INFO:colcon.colcon_core.shell:Creating package script '/home/antoine/Documents/drones/install/dual_rviz_jazzy/share/dual_rviz_jazzy/package.ps1'
[25.856s] INFO:colcon.colcon_core.shell:Creating package descriptor '/home/antoine/Documents/drones/install/dual_rviz_jazzy/share/dual_rviz_jazzy/package.dsv'
[25.856s] INFO:colcon.colcon_core.shell:Creating package script '/home/antoine/Documents/drones/install/dual_rviz_jazzy/share/dual_rviz_jazzy/package.sh'
[25.857s] INFO:colcon.colcon_core.shell:Creating package script '/home/antoine/Documents/drones/install/dual_rviz_jazzy/share/dual_rviz_jazzy/package.bash'
[25.857s] INFO:colcon.colcon_core.shell:Creating package script '/home/antoine/Documents/drones/install/dual_rviz_jazzy/share/dual_rviz_jazzy/package.zsh'
[25.858s] Level 1:colcon.colcon_core.environment:create_file_with_runtime_dependencies(/home/antoine/Documents/drones/install/dual_rviz_jazzy/share/colcon-core/packages/dual_rviz_jazzy)
[25.859s] DEBUG:colcon.colcon_parallel_executor.executor.parallel:closing loop
[25.860s] DEBUG:colcon.colcon_parallel_executor.executor.parallel:loop closed
[25.860s] DEBUG:colcon.colcon_parallel_executor.executor.parallel:run_until_complete finished with '0'
[25.860s] DEBUG:colcon.colcon_core.event_reactor:joining thread
[25.866s] INFO:colcon.colcon_core.plugin_system:Skipping extension 'colcon_notification.desktop_notification.terminal_notifier': Not used on non-Darwin systems
[25.866s] INFO:colcon.colcon_core.plugin_system:Skipping extension 'colcon_notification.desktop_notification.win32': Not used on non-Windows systems
[25.866s] INFO:colcon.colcon_notification.desktop_notification:Sending desktop notification using 'notify2'
[25.866s] DEBUG:colcon.colcon_notification.desktop_notification.notify2:Failed to initialize notify2: org.freedesktop.DBus.Error.AccessDenied: Failed to open socket: Operation not permitted
[25.866s] DEBUG:colcon.colcon_core.event_reactor:joined thread
[25.866s] INFO:colcon.colcon_core.shell:Creating prefix script '/home/antoine/Documents/drones/install/local_setup.ps1'
[25.868s] INFO:colcon.colcon_core.shell:Creating prefix util module '/home/antoine/Documents/drones/install/_local_setup_util_ps1.py'
[25.869s] INFO:colcon.colcon_core.shell:Creating prefix chain script '/home/antoine/Documents/drones/install/setup.ps1'
[25.870s] INFO:colcon.colcon_core.shell:Creating prefix script '/home/antoine/Documents/drones/install/local_setup.sh'
[25.870s] INFO:colcon.colcon_core.shell:Creating prefix util module '/home/antoine/Documents/drones/install/_local_setup_util_sh.py'
[25.871s] INFO:colcon.colcon_core.shell:Creating prefix chain script '/home/antoine/Documents/drones/install/setup.sh'
[25.872s] INFO:colcon.colcon_core.shell:Creating prefix script '/home/antoine/Documents/drones/install/local_setup.bash'
[25.872s] INFO:colcon.colcon_core.shell:Creating prefix chain script '/home/antoine/Documents/drones/install/setup.bash'
[25.873s] INFO:colcon.colcon_core.shell:Creating prefix script '/home/antoine/Documents/drones/install/local_setup.zsh'
[25.873s] INFO:colcon.colcon_core.shell:Creating prefix chain script '/home/antoine/Documents/drones/install/setup.zsh'
