[0.014s] Invoking command in '/home/antoine/Documents/drones/build/dual_rviz_jazzy': CMAKE_PREFIX_PATH=${CMAKE_PREFIX_PATH}:/home/antoine/ros2_ws/install/ros_tcp_endpoint:/opt/ros/jazzy /usr/bin/cmake /home/antoine/Documents/drones/dual_rviz_jazzy -DCMAKE_INSTALL_PREFIX=/home/antoine/Documents/drones/install/dual_rviz_jazzy
[0.089s] -- The C compiler identification is GNU 13.3.0
[0.143s] -- The CXX compiler identification is GNU 13.3.0
[0.162s] -- Detecting C compiler ABI info
[0.251s] -- Detecting C compiler ABI info - done
[0.259s] -- Check for working C compiler: /usr/bin/cc - skipped
[0.259s] -- Detecting C compile features
[0.259s] -- Detecting C compile features - done
[0.268s] -- Detecting CXX compiler ABI info
[0.383s] -- Detecting CXX compiler ABI info - done
[0.392s] -- Check for working CXX compiler: /usr/bin/c++ - skipped
[0.393s] -- Detecting CXX compile features
[0.393s] -- Detecting CXX compile features - done
[0.396s] -- Found ament_cmake: 2.5.6 (/opt/ros/jazzy/share/ament_cmake/cmake)
[0.554s] -- Found Python3: /usr/bin/python3 (found version "3.12.3") found components: Interpreter 
[0.681s] -- Found rclcpp: 28.1.21 (/opt/ros/jazzy/share/rclcpp/cmake)
[0.732s] -- Found rosidl_generator_c: 4.6.9 (/opt/ros/jazzy/share/rosidl_generator_c/cmake)
[0.751s] -- Found rosidl_generator_cpp: 4.6.9 (/opt/ros/jazzy/share/rosidl_generator_cpp/cmake)
[0.767s] -- Using all available rosidl_typesupport_c: rosidl_typesupport_fastrtps_c;rosidl_typesupport_introspection_c
[0.784s] -- Using all available rosidl_typesupport_cpp: rosidl_typesupport_fastrtps_cpp;rosidl_typesupport_introspection_cpp
[0.886s] -- Found rmw_implementation_cmake: 7.3.3 (/opt/ros/jazzy/share/rmw_implementation_cmake/cmake)
[0.892s] -- Found rmw_fastrtps_cpp: 8.4.4 (/opt/ros/jazzy/share/rmw_fastrtps_cpp/cmake)
[0.977s] -- Found OpenSSL: /usr/lib/x86_64-linux-gnu/libcrypto.so (found version "3.0.13")  
[0.998s] -- Found FastRTPS: /opt/ros/jazzy/include (Required is at least version "2.13") 
[1.032s] -- Using RMW implementation 'rmw_fastrtps_cpp' as default
[1.125s] -- Found rviz_common: 14.1.22 (/opt/ros/jazzy/share/rviz_common/cmake)
[1.212s] -- Setting OGRE_DIR to: '/opt/ros/jazzy/share/rviz_ogre_vendor/cmake/../../../opt/rviz_ogre_vendor/lib/OGRE/cmake'
[1.213s] -- Found OGRE
[1.213s] --   static     : OFF
[1.214s] --   components : MeshLodGenerator;Overlay;Paging;Property;RTShaderSystem;Terrain;Volume
[1.214s] --   plugins    : Plugin_BSPSceneManager;Plugin_OctreeSceneManager;Plugin_PCZSceneManager;Plugin_ParticleFX;RenderSystem_GL;RenderSystem_GL3Plus;Codec_STBI
[1.214s] --   media      : /opt/ros/jazzy/opt/rviz_ogre_vendor/share/OGRE/Media
[1.214s] -- OGRE_LIBRARIES: OgreMeshLodGenerator;OgreOverlay;OgrePaging;OgreProperty;OgreRTShaderSystem;OgreTerrain;OgreVolume;OgreMain
[1.214s] -- OGRE_LIBRARY_DIRS: /opt/ros/jazzy/opt/rviz_ogre_vendor/lib
[1.214s] -- OGRE_PLUGINS: Plugin_BSPSceneManager;Plugin_OctreeSceneManager;Plugin_PCZSceneManager;Plugin_ParticleFX;RenderSystem_GL;RenderSystem_GL3Plus;Codec_STBI
[1.214s] -- OGRE_PLUGIN_DIR: /opt/ros/jazzy/opt/rviz_ogre_vendor/lib/OGRE
[1.215s] -- rviz_ogre_vendor::OgreOverlay for IMPORTED_LOCATION_RELEASE: /opt/ros/jazzy/opt/rviz_ogre_vendor/lib/libOgreOverlay.so
[1.215s] -- rviz_ogre_vendor::OgreOverlay for IMPORTED_LOCATION_DEBUG: /opt/ros/jazzy/opt/rviz_ogre_vendor/lib/libOgreOverlay.so
[1.215s] -- rviz_ogre_vendor::OgreMain for IMPORTED_LOCATION_RELEASE: /opt/ros/jazzy/opt/rviz_ogre_vendor/lib/libOgreMain.so
[1.215s] -- rviz_ogre_vendor::OgreMain for IMPORTED_LOCATION_DEBUG: /opt/ros/jazzy/opt/rviz_ogre_vendor/lib/libOgreMain.so
[1.250s] -- Found ZLIB: /usr/lib/x86_64-linux-gnu/libz.so (found version "1.3")  
[1.261s] -- Found OpenGL: /usr/lib/x86_64-linux-gnu/libOpenGL.so   
[1.438s] -- Found X11: /usr/include   
[1.438s] -- Looking for XOpenDisplay in /usr/lib/x86_64-linux-gnu/libX11.so;/usr/lib/x86_64-linux-gnu/libXext.so
[1.544s] -- Looking for XOpenDisplay in /usr/lib/x86_64-linux-gnu/libX11.so;/usr/lib/x86_64-linux-gnu/libXext.so - found
[1.544s] -- Looking for gethostbyname
[1.632s] -- Looking for gethostbyname - found
[1.632s] -- Looking for connect
[1.717s] -- Looking for connect - found
[1.717s] -- Looking for remove
[1.798s] -- Looking for remove - found
[1.798s] -- Looking for shmat
[1.891s] -- Looking for shmat - found
[1.891s] -- Looking for IceConnectionNumber in ICE
[1.974s] -- Looking for IceConnectionNumber in ICE - found
[2.181s] -- Setting yaml-cpp_DIR to: '/opt/ros/jazzy/share/yaml_cpp_vendor/cmake/../../../opt/yaml_cpp_vendor/share/cmake/yaml-cpp'
[2.191s] -- Found rviz_default_plugins: 14.1.22 (/opt/ros/jazzy/share/rviz_default_plugins/cmake)
[2.358s] -- Found eigen3_cmake_module: 0.3.1 (/opt/ros/jazzy/share/eigen3_cmake_module/cmake)
[2.359s] -- Found Eigen3: TRUE (found version "3.4.0") 
[2.359s] -- Ensuring Eigen3 include directory is part of orocos-kdl CMake target
[2.485s] -- Configuring done (2.5s)
[2.502s] -- Generating done (0.0s)
[2.506s] -- Build files have been written to: /home/antoine/Documents/drones/build/dual_rviz_jazzy
[2.520s] Invoked command in '/home/antoine/Documents/drones/build/dual_rviz_jazzy' returned '0': CMAKE_PREFIX_PATH=${CMAKE_PREFIX_PATH}:/home/antoine/ros2_ws/install/ros_tcp_endpoint:/opt/ros/jazzy /usr/bin/cmake /home/antoine/Documents/drones/dual_rviz_jazzy -DCMAKE_INSTALL_PREFIX=/home/antoine/Documents/drones/install/dual_rviz_jazzy
[2.521s] Invoking command in '/home/antoine/Documents/drones/build/dual_rviz_jazzy': CMAKE_PREFIX_PATH=${CMAKE_PREFIX_PATH}:/home/antoine/ros2_ws/install/ros_tcp_endpoint:/opt/ros/jazzy /usr/bin/cmake --build /home/antoine/Documents/drones/build/dual_rviz_jazzy -- -j8 -l8
[2.584s] [ 50%] [32mBuilding CXX object CMakeFiles/dual_rviz.dir/src/main.cpp.o[0m
[7.597s] [01m[K/home/antoine/Documents/drones/dual_rviz_jazzy/src/main.cpp:[m[K In member function ‘[01m[Kvoid DualRvizWindow::[01;32m[KinitPanel[m[K(rviz_common::RenderPanel*, bool)[m[K’:
[7.597s] [01m[K/home/antoine/Documents/drones/dual_rviz_jazzy/src/main.cpp:83:85:[m[K [01;31m[Kerror: [m[Kexpected primary-expression before ‘[01m[K>[m[K’ token
[7.597s]    83 |     auto * grid = manager->createDisplay<rviz_default_plugins::displays::GridDisplay[01;31m[K>[m[K(
[7.597s]       |                                                                                     [01;31m[K^[m[K
[7.597s] [01m[K/home/antoine/Documents/drones/dual_rviz_jazzy/src/main.cpp:88:81:[m[K [01;31m[Kerror: [m[Kexpected primary-expression before ‘[01m[K>[m[K’ token
[7.597s]    88 |     auto * tf = manager->createDisplay<rviz_default_plugins::displays::TFDisplay[01;31m[K>[m[K(
[7.597s]       |                                                                                 [01;31m[K^[m[K
[7.598s] [01m[K/home/antoine/Documents/drones/dual_rviz_jazzy/src/main.cpp:94:52:[m[K [01;31m[Kerror: [m[K‘[01m[KPointCloud2Display[m[K’ is not a member of ‘[01m[Krviz_default_plugins[m[K’; did you mean ‘[01m[Krviz_default_plugins::displays::PointCloud2Display[m[K’?
[7.598s]    94 |       manager->createDisplay<rviz_default_plugins::[01;31m[KPointCloud2Display[m[K>(
[7.598s]       |                                                    [01;31m[K^~~~~~~~~~~~~~~~~~[m[K
[7.598s] In file included from [01m[K/home/antoine/Documents/drones/dual_rviz_jazzy/src/main.cpp:22[m[K:
[7.598s] [01m[K/opt/ros/jazzy/include/rviz_default_plugins/rviz_default_plugins/displays/pointcloud/point_cloud2_display.hpp:69:35:[m[K [01;36m[Knote: [m[K‘[01m[Krviz_default_plugins::displays::PointCloud2Display[m[K’ declared here
[7.598s]    69 | class RVIZ_DEFAULT_PLUGINS_PUBLIC [01;36m[KPointCloud2Display[m[K : public
[7.598s]       |                                   [01;36m[K^~~~~~~~~~~~~~~~~~[m[K
[9.072s] gmake[2]: *** [CMakeFiles/dual_rviz.dir/build.make:76: CMakeFiles/dual_rviz.dir/src/main.cpp.o] Error 1
[9.072s] gmake[1]: *** [CMakeFiles/Makefile2:137: CMakeFiles/dual_rviz.dir/all] Error 2
[9.073s] gmake: *** [Makefile:146: all] Error 2
[9.074s] Invoked command in '/home/antoine/Documents/drones/build/dual_rviz_jazzy' returned '2': CMAKE_PREFIX_PATH=${CMAKE_PREFIX_PATH}:/home/antoine/ros2_ws/install/ros_tcp_endpoint:/opt/ros/jazzy /usr/bin/cmake --build /home/antoine/Documents/drones/build/dual_rviz_jazzy -- -j8 -l8
