[0.010s] Invoking command in '/home/antoine/Documents/drones/build/dual_rviz_jazzy': CMAKE_PREFIX_PATH=${CMAKE_PREFIX_PATH}:/home/antoine/ros2_ws/install/ros_tcp_endpoint:/opt/ros/jazzy /usr/bin/cmake --build /home/antoine/Documents/drones/build/dual_rviz_jazzy -- -j8 -l8
[0.075s] -- Found ament_cmake: 2.5.6 (/opt/ros/jazzy/share/ament_cmake/cmake)
[0.362s] -- Found rclcpp: 28.1.21 (/opt/ros/jazzy/share/rclcpp/cmake)
[0.404s] -- Found rosidl_generator_c: 4.6.9 (/opt/ros/jazzy/share/rosidl_generator_c/cmake)
[0.414s] -- Found rosidl_generator_cpp: 4.6.9 (/opt/ros/jazzy/share/rosidl_generator_cpp/cmake)
[0.435s] -- Using all available rosidl_typesupport_c: rosidl_typesupport_fastrtps_c;rosidl_typesupport_introspection_c
[0.453s] -- Using all available rosidl_typesupport_cpp: rosidl_typesupport_fastrtps_cpp;rosidl_typesupport_introspection_cpp
[0.537s] -- Found rmw_implementation_cmake: 7.3.3 (/opt/ros/jazzy/share/rmw_implementation_cmake/cmake)
[0.540s] -- Found rmw_fastrtps_cpp: 8.4.4 (/opt/ros/jazzy/share/rmw_fastrtps_cpp/cmake)
[0.626s] -- Using RMW implementation 'rmw_fastrtps_cpp' as default
[0.723s] -- Found rviz_common: 14.1.22 (/opt/ros/jazzy/share/rviz_common/cmake)
[0.795s] -- Setting OGRE_DIR to: '/opt/ros/jazzy/share/rviz_ogre_vendor/cmake/../../../opt/rviz_ogre_vendor/lib/OGRE/cmake'
[0.797s] -- Found OGRE
[0.797s] --   static     : OFF
[0.797s] --   components : MeshLodGenerator;Overlay;Paging;Property;RTShaderSystem;Terrain;Volume
[0.797s] --   plugins    : Plugin_BSPSceneManager;Plugin_OctreeSceneManager;Plugin_PCZSceneManager;Plugin_ParticleFX;RenderSystem_GL;RenderSystem_GL3Plus;Codec_STBI
[0.797s] --   media      : /opt/ros/jazzy/opt/rviz_ogre_vendor/share/OGRE/Media
[0.797s] -- OGRE_LIBRARIES: OgreMeshLodGenerator;OgreOverlay;OgrePaging;OgreProperty;OgreRTShaderSystem;OgreTerrain;OgreVolume;OgreMain
[0.798s] -- OGRE_LIBRARY_DIRS: /opt/ros/jazzy/opt/rviz_ogre_vendor/lib
[0.798s] -- OGRE_PLUGINS: Plugin_BSPSceneManager;Plugin_OctreeSceneManager;Plugin_PCZSceneManager;Plugin_ParticleFX;RenderSystem_GL;RenderSystem_GL3Plus;Codec_STBI
[0.798s] -- OGRE_PLUGIN_DIR: /opt/ros/jazzy/opt/rviz_ogre_vendor/lib/OGRE
[0.798s] -- rviz_ogre_vendor::OgreOverlay for IMPORTED_LOCATION_RELEASE: /opt/ros/jazzy/opt/rviz_ogre_vendor/lib/libOgreOverlay.so
[0.798s] -- rviz_ogre_vendor::OgreOverlay for IMPORTED_LOCATION_DEBUG: /opt/ros/jazzy/opt/rviz_ogre_vendor/lib/libOgreOverlay.so
[0.798s] -- rviz_ogre_vendor::OgreMain for IMPORTED_LOCATION_RELEASE: /opt/ros/jazzy/opt/rviz_ogre_vendor/lib/libOgreMain.so
[0.798s] -- rviz_ogre_vendor::OgreMain for IMPORTED_LOCATION_DEBUG: /opt/ros/jazzy/opt/rviz_ogre_vendor/lib/libOgreMain.so
[1.155s] -- Setting yaml-cpp_DIR to: '/opt/ros/jazzy/share/yaml_cpp_vendor/cmake/../../../opt/yaml_cpp_vendor/share/cmake/yaml-cpp'
[1.166s] -- Found rviz_default_plugins: 14.1.22 (/opt/ros/jazzy/share/rviz_default_plugins/cmake)
[1.335s] -- Found eigen3_cmake_module: 0.3.1 (/opt/ros/jazzy/share/eigen3_cmake_module/cmake)
[1.337s] -- Ensuring Eigen3 include directory is part of orocos-kdl CMake target
[1.353s] -- Found rtabmap_msgs: 0.22.1 (/opt/ros/jazzy/share/rtabmap_msgs/cmake)
[1.538s] -- Configuring done (1.5s)
[1.587s] -- Generating done (0.0s)
[1.593s] -- Build files have been written to: /home/antoine/Documents/drones/build/dual_rviz_jazzy
[1.687s] [ 50%] [32mBuilding CXX object CMakeFiles/dual_rviz.dir/src/main.cpp.o[0m
[29.899s] [100%] [32m[1mLinking CXX executable dual_rviz[0m
[36.467s] [100%] Built target dual_rviz
[36.492s] Invoked command in '/home/antoine/Documents/drones/build/dual_rviz_jazzy' returned '0': CMAKE_PREFIX_PATH=${CMAKE_PREFIX_PATH}:/home/antoine/ros2_ws/install/ros_tcp_endpoint:/opt/ros/jazzy /usr/bin/cmake --build /home/antoine/Documents/drones/build/dual_rviz_jazzy -- -j8 -l8
[36.509s] Invoking command in '/home/antoine/Documents/drones/build/dual_rviz_jazzy': CMAKE_PREFIX_PATH=${CMAKE_PREFIX_PATH}:/home/antoine/ros2_ws/install/ros_tcp_endpoint:/opt/ros/jazzy /usr/bin/cmake --install /home/antoine/Documents/drones/build/dual_rviz_jazzy
[36.524s] -- Install configuration: ""
[36.524s] -- Installing: /home/antoine/Documents/drones/install/dual_rviz_jazzy/lib/dual_rviz_jazzy/dual_rviz
[36.542s] -- Set non-toolchain portion of runtime path of "/home/antoine/Documents/drones/install/dual_rviz_jazzy/lib/dual_rviz_jazzy/dual_rviz" to ""
[36.542s] -- Up-to-date: /home/antoine/Documents/drones/install/dual_rviz_jazzy/share/dual_rviz_jazzy/config
[36.542s] -- Up-to-date: /home/antoine/Documents/drones/install/dual_rviz_jazzy/share/dual_rviz_jazzy/config/vl53.rviz
[36.542s] -- Up-to-date: /home/antoine/Documents/drones/install/dual_rviz_jazzy/share/dual_rviz_jazzy/config/rgbd.rviz
[36.542s] -- Up-to-date: /home/antoine/Documents/drones/install/dual_rviz_jazzy/share/ament_index/resource_index/package_run_dependencies/dual_rviz_jazzy
[36.543s] -- Up-to-date: /home/antoine/Documents/drones/install/dual_rviz_jazzy/share/ament_index/resource_index/parent_prefix_path/dual_rviz_jazzy
[36.543s] -- Up-to-date: /home/antoine/Documents/drones/install/dual_rviz_jazzy/share/dual_rviz_jazzy/environment/ament_prefix_path.sh
[36.543s] -- Up-to-date: /home/antoine/Documents/drones/install/dual_rviz_jazzy/share/dual_rviz_jazzy/environment/ament_prefix_path.dsv
[36.543s] -- Up-to-date: /home/antoine/Documents/drones/install/dual_rviz_jazzy/share/dual_rviz_jazzy/environment/path.sh
[36.543s] -- Up-to-date: /home/antoine/Documents/drones/install/dual_rviz_jazzy/share/dual_rviz_jazzy/environment/path.dsv
[36.543s] -- Up-to-date: /home/antoine/Documents/drones/install/dual_rviz_jazzy/share/dual_rviz_jazzy/local_setup.bash
[36.544s] -- Up-to-date: /home/antoine/Documents/drones/install/dual_rviz_jazzy/share/dual_rviz_jazzy/local_setup.sh
[36.544s] -- Up-to-date: /home/antoine/Documents/drones/install/dual_rviz_jazzy/share/dual_rviz_jazzy/local_setup.zsh
[36.544s] -- Up-to-date: /home/antoine/Documents/drones/install/dual_rviz_jazzy/share/dual_rviz_jazzy/local_setup.dsv
[36.544s] -- Installing: /home/antoine/Documents/drones/install/dual_rviz_jazzy/share/dual_rviz_jazzy/package.dsv
[36.544s] -- Up-to-date: /home/antoine/Documents/drones/install/dual_rviz_jazzy/share/ament_index/resource_index/packages/dual_rviz_jazzy
[36.545s] -- Up-to-date: /home/antoine/Documents/drones/install/dual_rviz_jazzy/share/dual_rviz_jazzy/cmake/dual_rviz_jazzyConfig.cmake
[36.545s] -- Up-to-date: /home/antoine/Documents/drones/install/dual_rviz_jazzy/share/dual_rviz_jazzy/cmake/dual_rviz_jazzyConfig-version.cmake
[36.546s] -- Installing: /home/antoine/Documents/drones/install/dual_rviz_jazzy/share/dual_rviz_jazzy/package.xml
[36.546s] Invoked command in '/home/antoine/Documents/drones/build/dual_rviz_jazzy' returned '0': CMAKE_PREFIX_PATH=${CMAKE_PREFIX_PATH}:/home/antoine/ros2_ws/install/ros_tcp_endpoint:/opt/ros/jazzy /usr/bin/cmake --install /home/antoine/Documents/drones/build/dual_rviz_jazzy
