[0.014s] Invoking command in '/home/antoine/Documents/drones/build/dual_rviz_jazzy': CMAKE_PREFIX_PATH=${CMAKE_PREFIX_PATH}:/home/antoine/Documents/drones/install/px4_keyboard_teleop:/home/antoine/ros2_ws/install/ros_tcp_endpoint:/opt/ros/jazzy /usr/bin/cmake --build /home/antoine/Documents/drones/build/dual_rviz_jazzy -- -j8 -l8
[0.110s] [ 50%] [32mBuilding CXX object CMakeFiles/dual_rviz.dir/src/main.cpp.o[0m
[30.781s] [100%] [32m[1mLinking CXX executable dual_rviz[0m
[37.366s] [100%] Built target dual_rviz
[37.379s] Invoked command in '/home/antoine/Documents/drones/build/dual_rviz_jazzy' returned '0': CMAKE_PREFIX_PATH=${CMAKE_PREFIX_PATH}:/home/antoine/Documents/drones/install/px4_keyboard_teleop:/home/antoine/ros2_ws/install/ros_tcp_endpoint:/opt/ros/jazzy /usr/bin/cmake --build /home/antoine/Documents/drones/build/dual_rviz_jazzy -- -j8 -l8
[37.392s] Invoking command in '/home/antoine/Documents/drones/build/dual_rviz_jazzy': CMAKE_PREFIX_PATH=${CMAKE_PREFIX_PATH}:/home/antoine/Documents/drones/install/px4_keyboard_teleop:/home/antoine/ros2_ws/install/ros_tcp_endpoint:/opt/ros/jazzy /usr/bin/cmake --install /home/antoine/Documents/drones/build/dual_rviz_jazzy
[37.405s] -- Install configuration: ""
[37.405s] -- Installing: /home/antoine/Documents/drones/install/dual_rviz_jazzy/lib/dual_rviz_jazzy/dual_rviz
[37.420s] -- Set non-toolchain portion of runtime path of "/home/antoine/Documents/drones/install/dual_rviz_jazzy/lib/dual_rviz_jazzy/dual_rviz" to ""
[37.420s] -- Up-to-date: /home/antoine/Documents/drones/install/dual_rviz_jazzy/share/dual_rviz_jazzy/config
[37.420s] -- Up-to-date: /home/antoine/Documents/drones/install/dual_rviz_jazzy/share/dual_rviz_jazzy/config/dashboard_explore.rviz
[37.420s] -- Up-to-date: /home/antoine/Documents/drones/install/dual_rviz_jazzy/share/dual_rviz_jazzy/config/vl53.rviz
[37.420s] -- Up-to-date: /home/antoine/Documents/drones/install/dual_rviz_jazzy/share/dual_rviz_jazzy/config/rgbd.rviz
[37.420s] -- Up-to-date: /home/antoine/Documents/drones/install/dual_rviz_jazzy/share/dual_rviz_jazzy/config/dashboard_3d.rviz
[37.420s] -- Up-to-date: /home/antoine/Documents/drones/install/dual_rviz_jazzy/share/ament_index/resource_index/package_run_dependencies/dual_rviz_jazzy
[37.420s] -- Up-to-date: /home/antoine/Documents/drones/install/dual_rviz_jazzy/share/ament_index/resource_index/parent_prefix_path/dual_rviz_jazzy
[37.420s] -- Up-to-date: /home/antoine/Documents/drones/install/dual_rviz_jazzy/share/dual_rviz_jazzy/environment/ament_prefix_path.sh
[37.420s] -- Up-to-date: /home/antoine/Documents/drones/install/dual_rviz_jazzy/share/dual_rviz_jazzy/environment/ament_prefix_path.dsv
[37.421s] -- Up-to-date: /home/antoine/Documents/drones/install/dual_rviz_jazzy/share/dual_rviz_jazzy/environment/path.sh
[37.421s] -- Up-to-date: /home/antoine/Documents/drones/install/dual_rviz_jazzy/share/dual_rviz_jazzy/environment/path.dsv
[37.421s] -- Up-to-date: /home/antoine/Documents/drones/install/dual_rviz_jazzy/share/dual_rviz_jazzy/local_setup.bash
[37.421s] -- Up-to-date: /home/antoine/Documents/drones/install/dual_rviz_jazzy/share/dual_rviz_jazzy/local_setup.sh
[37.421s] -- Up-to-date: /home/antoine/Documents/drones/install/dual_rviz_jazzy/share/dual_rviz_jazzy/local_setup.zsh
[37.421s] -- Up-to-date: /home/antoine/Documents/drones/install/dual_rviz_jazzy/share/dual_rviz_jazzy/local_setup.dsv
[37.421s] -- Installing: /home/antoine/Documents/drones/install/dual_rviz_jazzy/share/dual_rviz_jazzy/package.dsv
[37.421s] -- Up-to-date: /home/antoine/Documents/drones/install/dual_rviz_jazzy/share/ament_index/resource_index/packages/dual_rviz_jazzy
[37.421s] -- Up-to-date: /home/antoine/Documents/drones/install/dual_rviz_jazzy/share/dual_rviz_jazzy/cmake/dual_rviz_jazzyConfig.cmake
[37.422s] -- Up-to-date: /home/antoine/Documents/drones/install/dual_rviz_jazzy/share/dual_rviz_jazzy/cmake/dual_rviz_jazzyConfig-version.cmake
[37.422s] -- Up-to-date: /home/antoine/Documents/drones/install/dual_rviz_jazzy/share/dual_rviz_jazzy/package.xml
[37.422s] Invoked command in '/home/antoine/Documents/drones/build/dual_rviz_jazzy' returned '0': CMAKE_PREFIX_PATH=${CMAKE_PREFIX_PATH}:/home/antoine/Documents/drones/install/px4_keyboard_teleop:/home/antoine/ros2_ws/install/ros_tcp_endpoint:/opt/ros/jazzy /usr/bin/cmake --install /home/antoine/Documents/drones/build/dual_rviz_jazzy
