[0.015s] Invoking command in '/home/antoine/Documents/drones/build/dual_rviz_jazzy': CMAKE_PREFIX_PATH=${CMAKE_PREFIX_PATH}:/home/antoine/ros2_ws/install/ros_tcp_endpoint:/opt/ros/jazzy /usr/bin/cmake --build /home/antoine/Documents/drones/build/dual_rviz_jazzy -- -j8 -l8
[0.128s] [ 50%] [32mBuilding CXX object CMakeFiles/dual_rviz.dir/src/main.cpp.o[0m
[29.990s] [100%] [32m[1mLinking CXX executable dual_rviz[0m
[37.407s] [100%] Built target dual_rviz
[37.430s] Invoked command in '/home/antoine/Documents/drones/build/dual_rviz_jazzy' returned '0': CMAKE_PREFIX_PATH=${CMAKE_PREFIX_PATH}:/home/antoine/ros2_ws/install/ros_tcp_endpoint:/opt/ros/jazzy /usr/bin/cmake --build /home/antoine/Documents/drones/build/dual_rviz_jazzy -- -j8 -l8
[37.449s] Invoking command in '/home/antoine/Documents/drones/build/dual_rviz_jazzy': CMAKE_PREFIX_PATH=${CMAKE_PREFIX_PATH}:/home/antoine/ros2_ws/install/ros_tcp_endpoint:/opt/ros/jazzy /usr/bin/cmake --install /home/antoine/Documents/drones/build/dual_rviz_jazzy
[37.466s] -- Install configuration: ""
[37.467s] -- Installing: /home/antoine/Documents/drones/install/dual_rviz_jazzy/lib/dual_rviz_jazzy/dual_rviz
[37.480s] -- Set non-toolchain portion of runtime path of "/home/antoine/Documents/drones/install/dual_rviz_jazzy/lib/dual_rviz_jazzy/dual_rviz" to ""
[37.482s] -- Installing: /home/antoine/Documents/drones/install/dual_rviz_jazzy/share/dual_rviz_jazzy/config
[37.482s] -- Installing: /home/antoine/Documents/drones/install/dual_rviz_jazzy/share/dual_rviz_jazzy/config/vl53.rviz
[37.482s] -- Installing: /home/antoine/Documents/drones/install/dual_rviz_jazzy/share/dual_rviz_jazzy/config/rgbd.rviz
[37.482s] -- Installing: /home/antoine/Documents/drones/install/dual_rviz_jazzy/share/ament_index/resource_index/package_run_dependencies/dual_rviz_jazzy
[37.482s] -- Installing: /home/antoine/Documents/drones/install/dual_rviz_jazzy/share/ament_index/resource_index/parent_prefix_path/dual_rviz_jazzy
[37.482s] -- Installing: /home/antoine/Documents/drones/install/dual_rviz_jazzy/share/dual_rviz_jazzy/environment/ament_prefix_path.sh
[37.483s] -- Installing: /home/antoine/Documents/drones/install/dual_rviz_jazzy/share/dual_rviz_jazzy/environment/ament_prefix_path.dsv
[37.483s] -- Installing: /home/antoine/Documents/drones/install/dual_rviz_jazzy/share/dual_rviz_jazzy/environment/path.sh
[37.483s] -- Installing: /home/antoine/Documents/drones/install/dual_rviz_jazzy/share/dual_rviz_jazzy/environment/path.dsv
[37.483s] -- Installing: /home/antoine/Documents/drones/install/dual_rviz_jazzy/share/dual_rviz_jazzy/local_setup.bash
[37.484s] -- Installing: /home/antoine/Documents/drones/install/dual_rviz_jazzy/share/dual_rviz_jazzy/local_setup.sh
[37.484s] -- Installing: /home/antoine/Documents/drones/install/dual_rviz_jazzy/share/dual_rviz_jazzy/local_setup.zsh
[37.484s] -- Installing: /home/antoine/Documents/drones/install/dual_rviz_jazzy/share/dual_rviz_jazzy/local_setup.dsv
[37.484s] -- Installing: /home/antoine/Documents/drones/install/dual_rviz_jazzy/share/dual_rviz_jazzy/package.dsv
[37.484s] -- Installing: /home/antoine/Documents/drones/install/dual_rviz_jazzy/share/ament_index/resource_index/packages/dual_rviz_jazzy
[37.484s] -- Installing: /home/antoine/Documents/drones/install/dual_rviz_jazzy/share/dual_rviz_jazzy/cmake/dual_rviz_jazzyConfig.cmake
[37.485s] -- Installing: /home/antoine/Documents/drones/install/dual_rviz_jazzy/share/dual_rviz_jazzy/cmake/dual_rviz_jazzyConfig-version.cmake
[37.485s] -- Installing: /home/antoine/Documents/drones/install/dual_rviz_jazzy/share/dual_rviz_jazzy/package.xml
[37.491s] Invoked command in '/home/antoine/Documents/drones/build/dual_rviz_jazzy' returned '0': CMAKE_PREFIX_PATH=${CMAKE_PREFIX_PATH}:/home/antoine/ros2_ws/install/ros_tcp_endpoint:/opt/ros/jazzy /usr/bin/cmake --install /home/antoine/Documents/drones/build/dual_rviz_jazzy
