[0.431s] DEBUG:colcon:Command line arguments: ['/usr/bin/colcon', 'build', '--packages-select', 'dual_rviz_jazzy']
[0.432s] DEBUG:colcon:Parsed command line arguments: Namespace(log_base=None, log_level=None, verb_name='build', build_base='build', install_base='install', merge_install=False, symlink_install=False, test_result_base=None, continue_on_error=False, executor='parallel', parallel_workers=8, event_handlers=None, ignore_user_meta=False, metas=['./colcon.meta'], base_paths=['.'], packages_ignore=None, packages_ignore_regex=None, paths=None, packages_up_to=None, packages_up_to_regex=None, packages_above=None, packages_above_and_dependencies=None, packages_above_depth=None, packages_select_by_dep=None, packages_skip_by_dep=None, packages_skip_up_to=None, packages_select_build_failed=False, packages_skip_build_finished=False, packages_select_test_failures=False, packages_skip_test_passed=False, packages_select=['dual_rviz_jazzy'], packages_skip=None, packages_select_regex=None, packages_skip_regex=None, packages_start=None, packages_end=None, allow_overriding=[], cmake_args=None, cmake_target=None, cmake_target_skip_unavailable=False, cmake_clean_cache=False, cmake_clean_first=False, cmake_force_configure=False, ament_cmake_args=None, catkin_cmake_args=None, catkin_skip_building_tests=False, mixin_files=None, mixin=None, verb_parser=<colcon_mixin.mixin.mixin_argument.MixinArgumentDecorator object at 0x737b371a4b00>, verb_extension=<colcon_core.verb.build.BuildVerb object at 0x737b371a4800>, main=<bound method BuildVerb.main of <colcon_core.verb.build.BuildVerb object at 0x737b371a4800>>, mixin_verb=('build',))
[0.622s] Level 1:colcon.colcon_core.package_discovery:discover_packages(colcon_meta) check parameters
[0.623s] Level 1:colcon.colcon_core.package_discovery:discover_packages(recursive) check parameters
[0.623s] Level 1:colcon.colcon_core.package_discovery:discover_packages(ignore) check parameters
[0.623s] Level 1:colcon.colcon_core.package_discovery:discover_packages(path) check parameters
[0.624s] Level 1:colcon.colcon_core.package_discovery:discover_packages(colcon_meta) discover
[0.624s] Level 1:colcon.colcon_core.package_discovery:discover_packages(recursive) discover
[0.624s] INFO:colcon.colcon_core.package_discovery:Crawling recursively for packages in '/home/antoine/Documents/drones'
[0.625s] Level 1:colcon.colcon_core.package_identification:_identify(.) by extensions ['ignore', 'ignore_ament_install']
[0.626s] Level 1:colcon.colcon_core.package_identification:_identify(.) by extension 'ignore'
[0.626s] Level 1:colcon.colcon_core.package_identification:_identify(.) by extension 'ignore_ament_install'
[0.626s] Level 1:colcon.colcon_core.package_identification:_identify(.) by extensions ['colcon_pkg']
[0.626s] Level 1:colcon.colcon_core.package_identification:_identify(.) by extension 'colcon_pkg'
[0.627s] Level 1:colcon.colcon_core.package_identification:_identify(.) by extensions ['colcon_meta']
[0.627s] Level 1:colcon.colcon_core.package_identification:_identify(.) by extension 'colcon_meta'
[0.627s] Level 1:colcon.colcon_core.package_identification:_identify(.) by extensions ['ros']
[0.627s] Level 1:colcon.colcon_core.package_identification:_identify(.) by extension 'ros'
[0.735s] Level 1:colcon.colcon_core.package_identification:_identify(.) by extensions ['cmake', 'python']
[0.735s] Level 1:colcon.colcon_core.package_identification:_identify(.) by extension 'cmake'
[0.735s] Level 1:colcon.colcon_core.package_identification:_identify(.) by extension 'python'
[0.735s] Level 1:colcon.colcon_core.package_identification:_identify(.) by extensions ['python_setup_py']
[0.735s] Level 1:colcon.colcon_core.package_identification:_identify(.) by extension 'python_setup_py'
[0.735s] Level 1:colcon.colcon_core.package_identification:_identify(__pycache__) by extensions ['ignore', 'ignore_ament_install']
[0.736s] Level 1:colcon.colcon_core.package_identification:_identify(__pycache__) by extension 'ignore'
[0.736s] Level 1:colcon.colcon_core.package_identification:_identify(__pycache__) by extension 'ignore_ament_install'
[0.736s] Level 1:colcon.colcon_core.package_identification:_identify(__pycache__) by extensions ['colcon_pkg']
[0.736s] Level 1:colcon.colcon_core.package_identification:_identify(__pycache__) by extension 'colcon_pkg'
[0.737s] Level 1:colcon.colcon_core.package_identification:_identify(__pycache__) by extensions ['colcon_meta']
[0.737s] Level 1:colcon.colcon_core.package_identification:_identify(__pycache__) by extension 'colcon_meta'
[0.737s] Level 1:colcon.colcon_core.package_identification:_identify(__pycache__) by extensions ['ros']
[0.737s] Level 1:colcon.colcon_core.package_identification:_identify(__pycache__) by extension 'ros'
[0.737s] Level 1:colcon.colcon_core.package_identification:_identify(__pycache__) by extensions ['cmake', 'python']
[0.737s] Level 1:colcon.colcon_core.package_identification:_identify(__pycache__) by extension 'cmake'
[0.737s] Level 1:colcon.colcon_core.package_identification:_identify(__pycache__) by extension 'python'
[0.737s] Level 1:colcon.colcon_core.package_identification:_identify(__pycache__) by extensions ['python_setup_py']
[0.737s] Level 1:colcon.colcon_core.package_identification:_identify(__pycache__) by extension 'python_setup_py'
[0.738s] Level 1:colcon.colcon_core.package_identification:_identify(build) by extensions ['ignore', 'ignore_ament_install']
[0.738s] Level 1:colcon.colcon_core.package_identification:_identify(build) by extension 'ignore'
[0.738s] Level 1:colcon.colcon_core.package_identification:_identify(build) ignored
[0.738s] Level 1:colcon.colcon_core.package_identification:_identify(dual_rviz_jazzy) by extensions ['ignore', 'ignore_ament_install']
[0.739s] Level 1:colcon.colcon_core.package_identification:_identify(dual_rviz_jazzy) by extension 'ignore'
[0.739s] Level 1:colcon.colcon_core.package_identification:_identify(dual_rviz_jazzy) by extension 'ignore_ament_install'
[0.739s] Level 1:colcon.colcon_core.package_identification:_identify(dual_rviz_jazzy) by extensions ['colcon_pkg']
[0.739s] Level 1:colcon.colcon_core.package_identification:_identify(dual_rviz_jazzy) by extension 'colcon_pkg'
[0.740s] Level 1:colcon.colcon_core.package_identification:_identify(dual_rviz_jazzy) by extensions ['colcon_meta']
[0.740s] Level 1:colcon.colcon_core.package_identification:_identify(dual_rviz_jazzy) by extension 'colcon_meta'
[0.741s] Level 1:colcon.colcon_core.package_identification:_identify(dual_rviz_jazzy) by extensions ['ros']
[0.741s] Level 1:colcon.colcon_core.package_identification:_identify(dual_rviz_jazzy) by extension 'ros'
[0.760s] DEBUG:colcon.colcon_core.package_identification:Package 'dual_rviz_jazzy' with type 'ros.ament_cmake' and name 'dual_rviz_jazzy'
[0.760s] Level 1:colcon.colcon_core.package_identification:_identify(install) by extensions ['ignore', 'ignore_ament_install']
[0.761s] Level 1:colcon.colcon_core.package_identification:_identify(install) by extension 'ignore'
[0.761s] Level 1:colcon.colcon_core.package_identification:_identify(install) ignored
[0.761s] Level 1:colcon.colcon_core.package_identification:_identify(log) by extensions ['ignore', 'ignore_ament_install']
[0.761s] Level 1:colcon.colcon_core.package_identification:_identify(log) by extension 'ignore'
[0.761s] Level 1:colcon.colcon_core.package_identification:_identify(log) ignored
[0.761s] Level 1:colcon.colcon_core.package_identification:_identify(src) by extensions ['ignore', 'ignore_ament_install']
[0.762s] Level 1:colcon.colcon_core.package_identification:_identify(src) by extension 'ignore'
[0.762s] Level 1:colcon.colcon_core.package_identification:_identify(src) by extension 'ignore_ament_install'
[0.762s] Level 1:colcon.colcon_core.package_identification:_identify(src) by extensions ['colcon_pkg']
[0.762s] Level 1:colcon.colcon_core.package_identification:_identify(src) by extension 'colcon_pkg'
[0.762s] Level 1:colcon.colcon_core.package_identification:_identify(src) by extensions ['colcon_meta']
[0.762s] Level 1:colcon.colcon_core.package_identification:_identify(src) by extension 'colcon_meta'
[0.762s] Level 1:colcon.colcon_core.package_identification:_identify(src) by extensions ['ros']
[0.762s] Level 1:colcon.colcon_core.package_identification:_identify(src) by extension 'ros'
[0.762s] Level 1:colcon.colcon_core.package_identification:_identify(src) by extensions ['cmake', 'python']
[0.763s] Level 1:colcon.colcon_core.package_identification:_identify(src) by extension 'cmake'
[0.763s] Level 1:colcon.colcon_core.package_identification:_identify(src) by extension 'python'
[0.763s] Level 1:colcon.colcon_core.package_identification:_identify(src) by extensions ['python_setup_py']
[0.763s] Level 1:colcon.colcon_core.package_identification:_identify(src) by extension 'python_setup_py'
[0.763s] Level 1:colcon.colcon_core.package_identification:_identify(src/px4_keyboard_teleop) by extensions ['ignore', 'ignore_ament_install']
[0.763s] Level 1:colcon.colcon_core.package_identification:_identify(src/px4_keyboard_teleop) by extension 'ignore'
[0.763s] Level 1:colcon.colcon_core.package_identification:_identify(src/px4_keyboard_teleop) by extension 'ignore_ament_install'
[0.764s] Level 1:colcon.colcon_core.package_identification:_identify(src/px4_keyboard_teleop) by extensions ['colcon_pkg']
[0.764s] Level 1:colcon.colcon_core.package_identification:_identify(src/px4_keyboard_teleop) by extension 'colcon_pkg'
[0.764s] Level 1:colcon.colcon_core.package_identification:_identify(src/px4_keyboard_teleop) by extensions ['colcon_meta']
[0.764s] Level 1:colcon.colcon_core.package_identification:_identify(src/px4_keyboard_teleop) by extension 'colcon_meta'
[0.764s] Level 1:colcon.colcon_core.package_identification:_identify(src/px4_keyboard_teleop) by extensions ['ros']
[0.764s] Level 1:colcon.colcon_core.package_identification:_identify(src/px4_keyboard_teleop) by extension 'ros'
[0.766s] DEBUG:colcon.colcon_core.package_identification:Package 'src/px4_keyboard_teleop' with type 'ros.ament_python' and name 'px4_keyboard_teleop'
[0.767s] Level 1:colcon.colcon_core.package_identification:_identify(tugbot_depot) by extensions ['ignore', 'ignore_ament_install']
[0.767s] Level 1:colcon.colcon_core.package_identification:_identify(tugbot_depot) by extension 'ignore'
[0.768s] Level 1:colcon.colcon_core.package_identification:_identify(tugbot_depot) by extension 'ignore_ament_install'
[0.768s] Level 1:colcon.colcon_core.package_identification:_identify(tugbot_depot) by extensions ['colcon_pkg']
[0.768s] Level 1:colcon.colcon_core.package_identification:_identify(tugbot_depot) by extension 'colcon_pkg'
[0.768s] Level 1:colcon.colcon_core.package_identification:_identify(tugbot_depot) by extensions ['colcon_meta']
[0.768s] Level 1:colcon.colcon_core.package_identification:_identify(tugbot_depot) by extension 'colcon_meta'
[0.768s] Level 1:colcon.colcon_core.package_identification:_identify(tugbot_depot) by extensions ['ros']
[0.769s] Level 1:colcon.colcon_core.package_identification:_identify(tugbot_depot) by extension 'ros'
[0.769s] Level 1:colcon.colcon_core.package_identification:_identify(tugbot_depot) by extensions ['cmake', 'python']
[0.769s] Level 1:colcon.colcon_core.package_identification:_identify(tugbot_depot) by extension 'cmake'
[0.769s] Level 1:colcon.colcon_core.package_identification:_identify(tugbot_depot) by extension 'python'
[0.769s] Level 1:colcon.colcon_core.package_identification:_identify(tugbot_depot) by extensions ['python_setup_py']
[0.769s] Level 1:colcon.colcon_core.package_identification:_identify(tugbot_depot) by extension 'python_setup_py'
[0.770s] Level 1:colcon.colcon_core.package_identification:_identify(tugbot_depot/thumbnails) by extensions ['ignore', 'ignore_ament_install']
[0.770s] Level 1:colcon.colcon_core.package_identification:_identify(tugbot_depot/thumbnails) by extension 'ignore'
[0.770s] Level 1:colcon.colcon_core.package_identification:_identify(tugbot_depot/thumbnails) by extension 'ignore_ament_install'
[0.770s] Level 1:colcon.colcon_core.package_identification:_identify(tugbot_depot/thumbnails) by extensions ['colcon_pkg']
[0.770s] Level 1:colcon.colcon_core.package_identification:_identify(tugbot_depot/thumbnails) by extension 'colcon_pkg'
[0.771s] Level 1:colcon.colcon_core.package_identification:_identify(tugbot_depot/thumbnails) by extensions ['colcon_meta']
[0.771s] Level 1:colcon.colcon_core.package_identification:_identify(tugbot_depot/thumbnails) by extension 'colcon_meta'
[0.771s] Level 1:colcon.colcon_core.package_identification:_identify(tugbot_depot/thumbnails) by extensions ['ros']
[0.771s] Level 1:colcon.colcon_core.package_identification:_identify(tugbot_depot/thumbnails) by extension 'ros'
[0.771s] Level 1:colcon.colcon_core.package_identification:_identify(tugbot_depot/thumbnails) by extensions ['cmake', 'python']
[0.771s] Level 1:colcon.colcon_core.package_identification:_identify(tugbot_depot/thumbnails) by extension 'cmake'
[0.771s] Level 1:colcon.colcon_core.package_identification:_identify(tugbot_depot/thumbnails) by extension 'python'
[0.772s] Level 1:colcon.colcon_core.package_identification:_identify(tugbot_depot/thumbnails) by extensions ['python_setup_py']
[0.772s] Level 1:colcon.colcon_core.package_identification:_identify(tugbot_depot/thumbnails) by extension 'python_setup_py'
[0.772s] Level 1:colcon.colcon_core.package_discovery:discover_packages(recursive) using defaults
[0.773s] Level 1:colcon.colcon_core.package_discovery:discover_packages(ignore) discover
[0.773s] Level 1:colcon.colcon_core.package_discovery:discover_packages(ignore) using defaults
[0.773s] Level 1:colcon.colcon_core.package_discovery:discover_packages(path) discover
[0.773s] Level 1:colcon.colcon_core.package_discovery:discover_packages(path) using defaults
[0.833s] INFO:colcon.colcon_core.package_selection:Skipping not selected package 'px4_keyboard_teleop' in 'src/px4_keyboard_teleop'
[0.834s] Level 1:colcon.colcon_core.package_discovery:discover_packages(prefix_path) check parameters
[0.835s] Level 1:colcon.colcon_core.package_discovery:discover_packages(prefix_path) discover
[0.840s] WARNING:colcon.colcon_core.prefix_path.colcon:The path '/home/antoine/ros2_ws/install' in the environment variable COLCON_PREFIX_PATH doesn't exist
[0.840s] WARNING:colcon.colcon_ros.prefix_path.ament:The path '/home/antoine/ros2_ws/install/ros_tcp_endpoint' in the environment variable AMENT_PREFIX_PATH doesn't exist
[0.841s] WARNING:colcon.colcon_ros.prefix_path.ament:The path '/home/antoine/ros2_ws/install/px4_msgs' in the environment variable AMENT_PREFIX_PATH doesn't exist
[0.841s] WARNING:colcon.colcon_ros.prefix_path.ament:The path '/home/antoine/ros2_ws/install/fast_lio' in the environment variable AMENT_PREFIX_PATH doesn't exist
[0.841s] WARNING:colcon.colcon_ros.prefix_path.catkin:The path '/home/antoine/ros2_ws/install/px4_msgs' in the environment variable CMAKE_PREFIX_PATH doesn't exist
[0.841s] WARNING:colcon.colcon_ros.prefix_path.catkin:The path '/home/antoine/ros2_ws/install/fast_lio' in the environment variable CMAKE_PREFIX_PATH doesn't exist
[0.844s] DEBUG:colcon.colcon_installed_package_information.package_discovery:Found 2 installed packages in /home/antoine/Documents/drones/install
[0.848s] DEBUG:colcon.colcon_installed_package_information.package_discovery:Found 346 installed packages in /opt/ros/jazzy
[0.853s] Level 1:colcon.colcon_core.package_discovery:discover_packages(prefix_path) using defaults
[0.979s] Level 5:colcon.colcon_core.verb:set package 'dual_rviz_jazzy' build argument 'cmake_args' from command line to 'None'
[0.979s] Level 5:colcon.colcon_core.verb:set package 'dual_rviz_jazzy' build argument 'cmake_target' from command line to 'None'
[0.979s] Level 5:colcon.colcon_core.verb:set package 'dual_rviz_jazzy' build argument 'cmake_target_skip_unavailable' from command line to 'False'
[0.979s] Level 5:colcon.colcon_core.verb:set package 'dual_rviz_jazzy' build argument 'cmake_clean_cache' from command line to 'False'
[0.979s] Level 5:colcon.colcon_core.verb:set package 'dual_rviz_jazzy' build argument 'cmake_clean_first' from command line to 'False'
[0.979s] Level 5:colcon.colcon_core.verb:set package 'dual_rviz_jazzy' build argument 'cmake_force_configure' from command line to 'False'
[0.979s] Level 5:colcon.colcon_core.verb:set package 'dual_rviz_jazzy' build argument 'ament_cmake_args' from command line to 'None'
[0.979s] Level 5:colcon.colcon_core.verb:set package 'dual_rviz_jazzy' build argument 'catkin_cmake_args' from command line to 'None'
[0.979s] Level 5:colcon.colcon_core.verb:set package 'dual_rviz_jazzy' build argument 'catkin_skip_building_tests' from command line to 'False'
[0.980s] DEBUG:colcon.colcon_core.verb:Building package 'dual_rviz_jazzy' with the following arguments: {'ament_cmake_args': None, 'build_base': '/home/antoine/Documents/drones/build/dual_rviz_jazzy', 'catkin_cmake_args': None, 'catkin_skip_building_tests': False, 'cmake_args': None, 'cmake_clean_cache': False, 'cmake_clean_first': False, 'cmake_force_configure': False, 'cmake_target': None, 'cmake_target_skip_unavailable': False, 'install_base': '/home/antoine/Documents/drones/install/dual_rviz_jazzy', 'merge_install': False, 'path': '/home/antoine/Documents/drones/dual_rviz_jazzy', 'symlink_install': False, 'test_result_base': None}
[0.980s] INFO:colcon.colcon_core.executor:Executing jobs using 'parallel' executor
[0.984s] DEBUG:colcon.colcon_parallel_executor.executor.parallel:run_until_complete
[0.984s] INFO:colcon.colcon_ros.task.ament_cmake.build:Building ROS package in '/home/antoine/Documents/drones/dual_rviz_jazzy' with build type 'ament_cmake'
[0.984s] INFO:colcon.colcon_cmake.task.cmake.build:Building CMake package in '/home/antoine/Documents/drones/dual_rviz_jazzy'
[0.996s] INFO:colcon.colcon_core.plugin_system:Skipping extension 'colcon_core.shell.bat': Not used on non-Windows systems
[0.996s] INFO:colcon.colcon_core.shell:Skip shell extension 'powershell' for command environment: Not usable outside of PowerShell
[0.996s] DEBUG:colcon.colcon_core.shell:Skip shell extension 'dsv' for command environment
[1.020s] DEBUG:colcon.colcon_core.event_handler.log_command:Invoking command in '/home/antoine/Documents/drones/build/dual_rviz_jazzy': CMAKE_PREFIX_PATH=${CMAKE_PREFIX_PATH}:/home/antoine/Documents/drones/install/px4_keyboard_teleop:/home/antoine/ros2_ws/install/ros_tcp_endpoint:/opt/ros/jazzy /usr/bin/cmake --build /home/antoine/Documents/drones/build/dual_rviz_jazzy -- -j8 -l8
[62.842s] DEBUG:colcon.colcon_core.event_handler.log_command:Invoked command in '/home/antoine/Documents/drones/build/dual_rviz_jazzy' returned '0': CMAKE_PREFIX_PATH=${CMAKE_PREFIX_PATH}:/home/antoine/Documents/drones/install/px4_keyboard_teleop:/home/antoine/ros2_ws/install/ros_tcp_endpoint:/opt/ros/jazzy /usr/bin/cmake --build /home/antoine/Documents/drones/build/dual_rviz_jazzy -- -j8 -l8
[62.871s] DEBUG:colcon.colcon_core.event_handler.log_command:Invoking command in '/home/antoine/Documents/drones/build/dual_rviz_jazzy': CMAKE_PREFIX_PATH=${CMAKE_PREFIX_PATH}:/home/antoine/Documents/drones/install/px4_keyboard_teleop:/home/antoine/ros2_ws/install/ros_tcp_endpoint:/opt/ros/jazzy /usr/bin/cmake --install /home/antoine/Documents/drones/build/dual_rviz_jazzy
[62.966s] Level 1:colcon.colcon_core.environment:create_environment_scripts_only(dual_rviz_jazzy)
[62.967s] DEBUG:colcon.colcon_core.event_handler.log_command:Invoked command in '/home/antoine/Documents/drones/build/dual_rviz_jazzy' returned '0': CMAKE_PREFIX_PATH=${CMAKE_PREFIX_PATH}:/home/antoine/Documents/drones/install/px4_keyboard_teleop:/home/antoine/ros2_ws/install/ros_tcp_endpoint:/opt/ros/jazzy /usr/bin/cmake --install /home/antoine/Documents/drones/build/dual_rviz_jazzy
[62.986s] Level 1:colcon.colcon_core.environment:checking '/home/antoine/Documents/drones/install/dual_rviz_jazzy' for CMake module files
[62.988s] Level 1:colcon.colcon_core.environment:checking '/home/antoine/Documents/drones/install/dual_rviz_jazzy' for CMake config files
[62.989s] Level 1:colcon.colcon_core.shell:create_environment_hook('dual_rviz_jazzy', 'cmake_prefix_path')
[62.990s] INFO:colcon.colcon_core.shell:Creating environment hook '/home/antoine/Documents/drones/install/dual_rviz_jazzy/share/dual_rviz_jazzy/hook/cmake_prefix_path.ps1'
[62.992s] INFO:colcon.colcon_core.shell:Creating environment descriptor '/home/antoine/Documents/drones/install/dual_rviz_jazzy/share/dual_rviz_jazzy/hook/cmake_prefix_path.dsv'
[62.993s] INFO:colcon.colcon_core.shell:Creating environment hook '/home/antoine/Documents/drones/install/dual_rviz_jazzy/share/dual_rviz_jazzy/hook/cmake_prefix_path.sh'
[62.996s] Level 1:colcon.colcon_core.environment:checking '/home/antoine/Documents/drones/install/dual_rviz_jazzy/lib'
[62.997s] Level 1:colcon.colcon_core.environment:checking '/home/antoine/Documents/drones/install/dual_rviz_jazzy/bin'
[62.998s] Level 1:colcon.colcon_core.environment:checking '/home/antoine/Documents/drones/install/dual_rviz_jazzy/lib/pkgconfig/dual_rviz_jazzy.pc'
[62.998s] Level 1:colcon.colcon_core.environment:checking '/home/antoine/Documents/drones/install/dual_rviz_jazzy/lib/python3.12/site-packages'
[62.999s] Level 1:colcon.colcon_core.environment:checking '/home/antoine/Documents/drones/install/dual_rviz_jazzy/bin'
[63.000s] INFO:colcon.colcon_core.shell:Creating package script '/home/antoine/Documents/drones/install/dual_rviz_jazzy/share/dual_rviz_jazzy/package.ps1'
[63.002s] INFO:colcon.colcon_core.shell:Creating package descriptor '/home/antoine/Documents/drones/install/dual_rviz_jazzy/share/dual_rviz_jazzy/package.dsv'
[63.004s] INFO:colcon.colcon_core.shell:Creating package script '/home/antoine/Documents/drones/install/dual_rviz_jazzy/share/dual_rviz_jazzy/package.sh'
[63.006s] INFO:colcon.colcon_core.shell:Creating package script '/home/antoine/Documents/drones/install/dual_rviz_jazzy/share/dual_rviz_jazzy/package.bash'
[63.010s] INFO:colcon.colcon_core.shell:Creating package script '/home/antoine/Documents/drones/install/dual_rviz_jazzy/share/dual_rviz_jazzy/package.zsh'
[63.013s] Level 1:colcon.colcon_core.environment:create_file_with_runtime_dependencies(/home/antoine/Documents/drones/install/dual_rviz_jazzy/share/colcon-core/packages/dual_rviz_jazzy)
[63.016s] Level 1:colcon.colcon_core.environment:create_environment_scripts_only(dual_rviz_jazzy)
[63.017s] Level 1:colcon.colcon_core.environment:checking '/home/antoine/Documents/drones/install/dual_rviz_jazzy' for CMake module files
[63.018s] Level 1:colcon.colcon_core.environment:checking '/home/antoine/Documents/drones/install/dual_rviz_jazzy' for CMake config files
[63.019s] Level 1:colcon.colcon_core.shell:create_environment_hook('dual_rviz_jazzy', 'cmake_prefix_path')
[63.020s] INFO:colcon.colcon_core.shell:Creating environment hook '/home/antoine/Documents/drones/install/dual_rviz_jazzy/share/dual_rviz_jazzy/hook/cmake_prefix_path.ps1'
[63.022s] INFO:colcon.colcon_core.shell:Creating environment descriptor '/home/antoine/Documents/drones/install/dual_rviz_jazzy/share/dual_rviz_jazzy/hook/cmake_prefix_path.dsv'
[63.023s] INFO:colcon.colcon_core.shell:Creating environment hook '/home/antoine/Documents/drones/install/dual_rviz_jazzy/share/dual_rviz_jazzy/hook/cmake_prefix_path.sh'
[63.026s] Level 1:colcon.colcon_core.environment:checking '/home/antoine/Documents/drones/install/dual_rviz_jazzy/lib'
[63.026s] Level 1:colcon.colcon_core.environment:checking '/home/antoine/Documents/drones/install/dual_rviz_jazzy/bin'
[63.027s] Level 1:colcon.colcon_core.environment:checking '/home/antoine/Documents/drones/install/dual_rviz_jazzy/lib/pkgconfig/dual_rviz_jazzy.pc'
[63.027s] Level 1:colcon.colcon_core.environment:checking '/home/antoine/Documents/drones/install/dual_rviz_jazzy/lib/python3.12/site-packages'
[63.028s] Level 1:colcon.colcon_core.environment:checking '/home/antoine/Documents/drones/install/dual_rviz_jazzy/bin'
[63.029s] INFO:colcon.colcon_core.shell:Creating package script '/home/antoine/Documents/drones/install/dual_rviz_jazzy/share/dual_rviz_jazzy/package.ps1'
[63.031s] INFO:colcon.colcon_core.shell:Creating package descriptor '/home/antoine/Documents/drones/install/dual_rviz_jazzy/share/dual_rviz_jazzy/package.dsv'
[63.033s] INFO:colcon.colcon_core.shell:Creating package script '/home/antoine/Documents/drones/install/dual_rviz_jazzy/share/dual_rviz_jazzy/package.sh'
[63.034s] INFO:colcon.colcon_core.shell:Creating package script '/home/antoine/Documents/drones/install/dual_rviz_jazzy/share/dual_rviz_jazzy/package.bash'
[63.039s] INFO:colcon.colcon_core.shell:Creating package script '/home/antoine/Documents/drones/install/dual_rviz_jazzy/share/dual_rviz_jazzy/package.zsh'
[63.041s] Level 1:colcon.colcon_core.environment:create_file_with_runtime_dependencies(/home/antoine/Documents/drones/install/dual_rviz_jazzy/share/colcon-core/packages/dual_rviz_jazzy)
[63.042s] DEBUG:colcon.colcon_parallel_executor.executor.parallel:closing loop
[63.042s] DEBUG:colcon.colcon_parallel_executor.executor.parallel:loop closed
[63.042s] DEBUG:colcon.colcon_parallel_executor.executor.parallel:run_until_complete finished with '0'
[63.042s] DEBUG:colcon.colcon_core.event_reactor:joining thread
[63.065s] INFO:colcon.colcon_core.plugin_system:Skipping extension 'colcon_notification.desktop_notification.terminal_notifier': Not used on non-Darwin systems
[63.065s] INFO:colcon.colcon_core.plugin_system:Skipping extension 'colcon_notification.desktop_notification.win32': Not used on non-Windows systems
[63.065s] INFO:colcon.colcon_notification.desktop_notification:Sending desktop notification using 'notify2'
[63.065s] DEBUG:colcon.colcon_notification.desktop_notification.notify2:Failed to initialize notify2: org.freedesktop.DBus.Error.AccessDenied: Failed to open socket: Operation not permitted
[63.065s] DEBUG:colcon.colcon_core.event_reactor:joined thread
[63.066s] INFO:colcon.colcon_core.shell:Creating prefix script '/home/antoine/Documents/drones/install/local_setup.ps1'
[63.069s] INFO:colcon.colcon_core.shell:Creating prefix util module '/home/antoine/Documents/drones/install/_local_setup_util_ps1.py'
[63.073s] INFO:colcon.colcon_core.shell:Creating prefix chain script '/home/antoine/Documents/drones/install/setup.ps1'
[63.085s] INFO:colcon.colcon_core.shell:Creating prefix script '/home/antoine/Documents/drones/install/local_setup.sh'
[63.092s] INFO:colcon.colcon_core.shell:Creating prefix util module '/home/antoine/Documents/drones/install/_local_setup_util_sh.py'
[63.094s] INFO:colcon.colcon_core.shell:Creating prefix chain script '/home/antoine/Documents/drones/install/setup.sh'
[63.097s] INFO:colcon.colcon_core.shell:Creating prefix script '/home/antoine/Documents/drones/install/local_setup.bash'
[63.109s] INFO:colcon.colcon_core.shell:Creating prefix chain script '/home/antoine/Documents/drones/install/setup.bash'
[63.113s] INFO:colcon.colcon_core.shell:Creating prefix script '/home/antoine/Documents/drones/install/local_setup.zsh'
[63.115s] INFO:colcon.colcon_core.shell:Creating prefix chain script '/home/antoine/Documents/drones/install/setup.zsh'
