[0.766s] DEBUG:colcon:Command line arguments: ['/usr/bin/colcon', 'build', '--packages-select', 'dual_rviz_jazzy']
[0.766s] DEBUG:colcon:Parsed command line arguments: Namespace(log_base=None, log_level=None, verb_name='build', build_base='build', install_base='install', merge_install=False, symlink_install=False, test_result_base=None, continue_on_error=False, executor='parallel', parallel_workers=8, event_handlers=None, ignore_user_meta=False, metas=['./colcon.meta'], base_paths=['.'], packages_ignore=None, packages_ignore_regex=None, paths=None, packages_up_to=None, packages_up_to_regex=None, packages_above=None, packages_above_and_dependencies=None, packages_above_depth=None, packages_select_by_dep=None, packages_skip_by_dep=None, packages_skip_up_to=None, packages_select_build_failed=False, packages_skip_build_finished=False, packages_select_test_failures=False, packages_skip_test_passed=False, packages_select=['dual_rviz_jazzy'], packages_skip=None, packages_select_regex=None, packages_skip_regex=None, packages_start=None, packages_end=None, allow_overriding=[], cmake_args=None, cmake_target=None, cmake_target_skip_unavailable=False, cmake_clean_cache=False, cmake_clean_first=False, cmake_force_configure=False, ament_cmake_args=None, catkin_cmake_args=None, catkin_skip_building_tests=False, mixin_files=None, mixin=None, verb_parser=<colcon_mixin.mixin.mixin_argument.MixinArgumentDecorator object at 0x7a33c8fb8440>, verb_extension=<colcon_core.verb.build.BuildVerb object at 0x7a33c8fb81a0>, main=<bound method BuildVerb.main of <colcon_core.verb.build.BuildVerb object at 0x7a33c8fb81a0>>, mixin_verb=('build',))
[0.956s] Level 1:colcon.colcon_core.package_discovery:discover_packages(colcon_meta) check parameters
[0.957s] Level 1:colcon.colcon_core.package_discovery:discover_packages(recursive) check parameters
[0.957s] Level 1:colcon.colcon_core.package_discovery:discover_packages(ignore) check parameters
[0.957s] Level 1:colcon.colcon_core.package_discovery:discover_packages(path) check parameters
[0.957s] Level 1:colcon.colcon_core.package_discovery:discover_packages(colcon_meta) discover
[0.957s] Level 1:colcon.colcon_core.package_discovery:discover_packages(recursive) discover
[0.957s] INFO:colcon.colcon_core.package_discovery:Crawling recursively for packages in '/home/antoine/Documents/drones'
[0.958s] Level 1:colcon.colcon_core.package_identification:_identify(.) by extensions ['ignore', 'ignore_ament_install']
[0.958s] Level 1:colcon.colcon_core.package_identification:_identify(.) by extension 'ignore'
[0.958s] Level 1:colcon.colcon_core.package_identification:_identify(.) by extension 'ignore_ament_install'
[0.959s] Level 1:colcon.colcon_core.package_identification:_identify(.) by extensions ['colcon_pkg']
[0.959s] Level 1:colcon.colcon_core.package_identification:_identify(.) by extension 'colcon_pkg'
[0.959s] Level 1:colcon.colcon_core.package_identification:_identify(.) by extensions ['colcon_meta']
[0.959s] Level 1:colcon.colcon_core.package_identification:_identify(.) by extension 'colcon_meta'
[0.959s] Level 1:colcon.colcon_core.package_identification:_identify(.) by extensions ['ros']
[0.959s] Level 1:colcon.colcon_core.package_identification:_identify(.) by extension 'ros'
[1.082s] Level 1:colcon.colcon_core.package_identification:_identify(.) by extensions ['cmake', 'python']
[1.082s] Level 1:colcon.colcon_core.package_identification:_identify(.) by extension 'cmake'
[1.082s] Level 1:colcon.colcon_core.package_identification:_identify(.) by extension 'python'
[1.082s] Level 1:colcon.colcon_core.package_identification:_identify(.) by extensions ['python_setup_py']
[1.082s] Level 1:colcon.colcon_core.package_identification:_identify(.) by extension 'python_setup_py'
[1.083s] Level 1:colcon.colcon_core.package_identification:_identify(__pycache__) by extensions ['ignore', 'ignore_ament_install']
[1.083s] Level 1:colcon.colcon_core.package_identification:_identify(__pycache__) by extension 'ignore'
[1.083s] Level 1:colcon.colcon_core.package_identification:_identify(__pycache__) by extension 'ignore_ament_install'
[1.084s] Level 1:colcon.colcon_core.package_identification:_identify(__pycache__) by extensions ['colcon_pkg']
[1.084s] Level 1:colcon.colcon_core.package_identification:_identify(__pycache__) by extension 'colcon_pkg'
[1.084s] Level 1:colcon.colcon_core.package_identification:_identify(__pycache__) by extensions ['colcon_meta']
[1.084s] Level 1:colcon.colcon_core.package_identification:_identify(__pycache__) by extension 'colcon_meta'
[1.084s] Level 1:colcon.colcon_core.package_identification:_identify(__pycache__) by extensions ['ros']
[1.085s] Level 1:colcon.colcon_core.package_identification:_identify(__pycache__) by extension 'ros'
[1.085s] Level 1:colcon.colcon_core.package_identification:_identify(__pycache__) by extensions ['cmake', 'python']
[1.085s] Level 1:colcon.colcon_core.package_identification:_identify(__pycache__) by extension 'cmake'
[1.086s] Level 1:colcon.colcon_core.package_identification:_identify(__pycache__) by extension 'python'
[1.086s] Level 1:colcon.colcon_core.package_identification:_identify(__pycache__) by extensions ['python_setup_py']
[1.086s] Level 1:colcon.colcon_core.package_identification:_identify(__pycache__) by extension 'python_setup_py'
[1.087s] Level 1:colcon.colcon_core.package_identification:_identify(build) by extensions ['ignore', 'ignore_ament_install']
[1.087s] Level 1:colcon.colcon_core.package_identification:_identify(build) by extension 'ignore'
[1.087s] Level 1:colcon.colcon_core.package_identification:_identify(build) ignored
[1.088s] Level 1:colcon.colcon_core.package_identification:_identify(dual_rviz_jazzy) by extensions ['ignore', 'ignore_ament_install']
[1.089s] Level 1:colcon.colcon_core.package_identification:_identify(dual_rviz_jazzy) by extension 'ignore'
[1.090s] Level 1:colcon.colcon_core.package_identification:_identify(dual_rviz_jazzy) by extension 'ignore_ament_install'
[1.090s] Level 1:colcon.colcon_core.package_identification:_identify(dual_rviz_jazzy) by extensions ['colcon_pkg']
[1.090s] Level 1:colcon.colcon_core.package_identification:_identify(dual_rviz_jazzy) by extension 'colcon_pkg'
[1.091s] Level 1:colcon.colcon_core.package_identification:_identify(dual_rviz_jazzy) by extensions ['colcon_meta']
[1.091s] Level 1:colcon.colcon_core.package_identification:_identify(dual_rviz_jazzy) by extension 'colcon_meta'
[1.091s] Level 1:colcon.colcon_core.package_identification:_identify(dual_rviz_jazzy) by extensions ['ros']
[1.091s] Level 1:colcon.colcon_core.package_identification:_identify(dual_rviz_jazzy) by extension 'ros'
[1.103s] DEBUG:colcon.colcon_core.package_identification:Package 'dual_rviz_jazzy' with type 'ros.ament_cmake' and name 'dual_rviz_jazzy'
[1.103s] Level 1:colcon.colcon_core.package_identification:_identify(install) by extensions ['ignore', 'ignore_ament_install']
[1.103s] Level 1:colcon.colcon_core.package_identification:_identify(install) by extension 'ignore'
[1.103s] Level 1:colcon.colcon_core.package_identification:_identify(install) ignored
[1.103s] Level 1:colcon.colcon_core.package_identification:_identify(log) by extensions ['ignore', 'ignore_ament_install']
[1.103s] Level 1:colcon.colcon_core.package_identification:_identify(log) by extension 'ignore'
[1.104s] Level 1:colcon.colcon_core.package_identification:_identify(log) ignored
[1.104s] Level 1:colcon.colcon_core.package_identification:_identify(src) by extensions ['ignore', 'ignore_ament_install']
[1.104s] Level 1:colcon.colcon_core.package_identification:_identify(src) by extension 'ignore'
[1.104s] Level 1:colcon.colcon_core.package_identification:_identify(src) by extension 'ignore_ament_install'
[1.104s] Level 1:colcon.colcon_core.package_identification:_identify(src) by extensions ['colcon_pkg']
[1.105s] Level 1:colcon.colcon_core.package_identification:_identify(src) by extension 'colcon_pkg'
[1.105s] Level 1:colcon.colcon_core.package_identification:_identify(src) by extensions ['colcon_meta']
[1.105s] Level 1:colcon.colcon_core.package_identification:_identify(src) by extension 'colcon_meta'
[1.105s] Level 1:colcon.colcon_core.package_identification:_identify(src) by extensions ['ros']
[1.105s] Level 1:colcon.colcon_core.package_identification:_identify(src) by extension 'ros'
[1.105s] Level 1:colcon.colcon_core.package_identification:_identify(src) by extensions ['cmake', 'python']
[1.105s] Level 1:colcon.colcon_core.package_identification:_identify(src) by extension 'cmake'
[1.105s] Level 1:colcon.colcon_core.package_identification:_identify(src) by extension 'python'
[1.105s] Level 1:colcon.colcon_core.package_identification:_identify(src) by extensions ['python_setup_py']
[1.105s] Level 1:colcon.colcon_core.package_identification:_identify(src) by extension 'python_setup_py'
[1.106s] Level 1:colcon.colcon_core.package_identification:_identify(src/px4_keyboard_teleop) by extensions ['ignore', 'ignore_ament_install']
[1.106s] Level 1:colcon.colcon_core.package_identification:_identify(src/px4_keyboard_teleop) by extension 'ignore'
[1.106s] Level 1:colcon.colcon_core.package_identification:_identify(src/px4_keyboard_teleop) by extension 'ignore_ament_install'
[1.106s] Level 1:colcon.colcon_core.package_identification:_identify(src/px4_keyboard_teleop) by extensions ['colcon_pkg']
[1.106s] Level 1:colcon.colcon_core.package_identification:_identify(src/px4_keyboard_teleop) by extension 'colcon_pkg'
[1.106s] Level 1:colcon.colcon_core.package_identification:_identify(src/px4_keyboard_teleop) by extensions ['colcon_meta']
[1.107s] Level 1:colcon.colcon_core.package_identification:_identify(src/px4_keyboard_teleop) by extension 'colcon_meta'
[1.107s] Level 1:colcon.colcon_core.package_identification:_identify(src/px4_keyboard_teleop) by extensions ['ros']
[1.107s] Level 1:colcon.colcon_core.package_identification:_identify(src/px4_keyboard_teleop) by extension 'ros'
[1.110s] DEBUG:colcon.colcon_core.package_identification:Package 'src/px4_keyboard_teleop' with type 'ros.ament_python' and name 'px4_keyboard_teleop'
[1.111s] Level 1:colcon.colcon_core.package_identification:_identify(tugbot_depot) by extensions ['ignore', 'ignore_ament_install']
[1.111s] Level 1:colcon.colcon_core.package_identification:_identify(tugbot_depot) by extension 'ignore'
[1.111s] Level 1:colcon.colcon_core.package_identification:_identify(tugbot_depot) by extension 'ignore_ament_install'
[1.112s] Level 1:colcon.colcon_core.package_identification:_identify(tugbot_depot) by extensions ['colcon_pkg']
[1.112s] Level 1:colcon.colcon_core.package_identification:_identify(tugbot_depot) by extension 'colcon_pkg'
[1.112s] Level 1:colcon.colcon_core.package_identification:_identify(tugbot_depot) by extensions ['colcon_meta']
[1.112s] Level 1:colcon.colcon_core.package_identification:_identify(tugbot_depot) by extension 'colcon_meta'
[1.112s] Level 1:colcon.colcon_core.package_identification:_identify(tugbot_depot) by extensions ['ros']
[1.112s] Level 1:colcon.colcon_core.package_identification:_identify(tugbot_depot) by extension 'ros'
[1.112s] Level 1:colcon.colcon_core.package_identification:_identify(tugbot_depot) by extensions ['cmake', 'python']
[1.112s] Level 1:colcon.colcon_core.package_identification:_identify(tugbot_depot) by extension 'cmake'
[1.112s] Level 1:colcon.colcon_core.package_identification:_identify(tugbot_depot) by extension 'python'
[1.112s] Level 1:colcon.colcon_core.package_identification:_identify(tugbot_depot) by extensions ['python_setup_py']
[1.112s] Level 1:colcon.colcon_core.package_identification:_identify(tugbot_depot) by extension 'python_setup_py'
[1.113s] Level 1:colcon.colcon_core.package_identification:_identify(tugbot_depot/thumbnails) by extensions ['ignore', 'ignore_ament_install']
[1.113s] Level 1:colcon.colcon_core.package_identification:_identify(tugbot_depot/thumbnails) by extension 'ignore'
[1.113s] Level 1:colcon.colcon_core.package_identification:_identify(tugbot_depot/thumbnails) by extension 'ignore_ament_install'
[1.113s] Level 1:colcon.colcon_core.package_identification:_identify(tugbot_depot/thumbnails) by extensions ['colcon_pkg']
[1.113s] Level 1:colcon.colcon_core.package_identification:_identify(tugbot_depot/thumbnails) by extension 'colcon_pkg'
[1.114s] Level 1:colcon.colcon_core.package_identification:_identify(tugbot_depot/thumbnails) by extensions ['colcon_meta']
[1.114s] Level 1:colcon.colcon_core.package_identification:_identify(tugbot_depot/thumbnails) by extension 'colcon_meta'
[1.114s] Level 1:colcon.colcon_core.package_identification:_identify(tugbot_depot/thumbnails) by extensions ['ros']
[1.114s] Level 1:colcon.colcon_core.package_identification:_identify(tugbot_depot/thumbnails) by extension 'ros'
[1.114s] Level 1:colcon.colcon_core.package_identification:_identify(tugbot_depot/thumbnails) by extensions ['cmake', 'python']
[1.114s] Level 1:colcon.colcon_core.package_identification:_identify(tugbot_depot/thumbnails) by extension 'cmake'
[1.114s] Level 1:colcon.colcon_core.package_identification:_identify(tugbot_depot/thumbnails) by extension 'python'
[1.114s] Level 1:colcon.colcon_core.package_identification:_identify(tugbot_depot/thumbnails) by extensions ['python_setup_py']
[1.114s] Level 1:colcon.colcon_core.package_identification:_identify(tugbot_depot/thumbnails) by extension 'python_setup_py'
[1.114s] Level 1:colcon.colcon_core.package_discovery:discover_packages(recursive) using defaults
[1.115s] Level 1:colcon.colcon_core.package_discovery:discover_packages(ignore) discover
[1.115s] Level 1:colcon.colcon_core.package_discovery:discover_packages(ignore) using defaults
[1.115s] Level 1:colcon.colcon_core.package_discovery:discover_packages(path) discover
[1.115s] Level 1:colcon.colcon_core.package_discovery:discover_packages(path) using defaults
[1.168s] INFO:colcon.colcon_core.package_selection:Skipping not selected package 'px4_keyboard_teleop' in 'src/px4_keyboard_teleop'
[1.170s] Level 1:colcon.colcon_core.package_discovery:discover_packages(prefix_path) check parameters
[1.170s] Level 1:colcon.colcon_core.package_discovery:discover_packages(prefix_path) discover
[1.174s] WARNING:colcon.colcon_core.prefix_path.colcon:The path '/home/antoine/ros2_ws/install' in the environment variable COLCON_PREFIX_PATH doesn't exist
[1.174s] WARNING:colcon.colcon_ros.prefix_path.ament:The path '/home/antoine/ros2_ws/install/ros_tcp_endpoint' in the environment variable AMENT_PREFIX_PATH doesn't exist
[1.174s] WARNING:colcon.colcon_ros.prefix_path.ament:The path '/home/antoine/ros2_ws/install/px4_msgs' in the environment variable AMENT_PREFIX_PATH doesn't exist
[1.174s] WARNING:colcon.colcon_ros.prefix_path.ament:The path '/home/antoine/ros2_ws/install/fast_lio' in the environment variable AMENT_PREFIX_PATH doesn't exist
[1.175s] WARNING:colcon.colcon_ros.prefix_path.catkin:The path '/home/antoine/ros2_ws/install/px4_msgs' in the environment variable CMAKE_PREFIX_PATH doesn't exist
[1.176s] WARNING:colcon.colcon_ros.prefix_path.catkin:The path '/home/antoine/ros2_ws/install/fast_lio' in the environment variable CMAKE_PREFIX_PATH doesn't exist
[1.189s] DEBUG:colcon.colcon_installed_package_information.package_discovery:Found 346 installed packages in /opt/ros/jazzy
[1.198s] Level 1:colcon.colcon_core.package_discovery:discover_packages(prefix_path) using defaults
[1.457s] Level 5:colcon.colcon_core.verb:set package 'dual_rviz_jazzy' build argument 'cmake_args' from command line to 'None'
[1.458s] Level 5:colcon.colcon_core.verb:set package 'dual_rviz_jazzy' build argument 'cmake_target' from command line to 'None'
[1.458s] Level 5:colcon.colcon_core.verb:set package 'dual_rviz_jazzy' build argument 'cmake_target_skip_unavailable' from command line to 'False'
[1.458s] Level 5:colcon.colcon_core.verb:set package 'dual_rviz_jazzy' build argument 'cmake_clean_cache' from command line to 'False'
[1.458s] Level 5:colcon.colcon_core.verb:set package 'dual_rviz_jazzy' build argument 'cmake_clean_first' from command line to 'False'
[1.458s] Level 5:colcon.colcon_core.verb:set package 'dual_rviz_jazzy' build argument 'cmake_force_configure' from command line to 'False'
[1.458s] Level 5:colcon.colcon_core.verb:set package 'dual_rviz_jazzy' build argument 'ament_cmake_args' from command line to 'None'
[1.458s] Level 5:colcon.colcon_core.verb:set package 'dual_rviz_jazzy' build argument 'catkin_cmake_args' from command line to 'None'
[1.458s] Level 5:colcon.colcon_core.verb:set package 'dual_rviz_jazzy' build argument 'catkin_skip_building_tests' from command line to 'False'
[1.458s] DEBUG:colcon.colcon_core.verb:Building package 'dual_rviz_jazzy' with the following arguments: {'ament_cmake_args': None, 'build_base': '/home/antoine/Documents/drones/build/dual_rviz_jazzy', 'catkin_cmake_args': None, 'catkin_skip_building_tests': False, 'cmake_args': None, 'cmake_clean_cache': False, 'cmake_clean_first': False, 'cmake_force_configure': False, 'cmake_target': None, 'cmake_target_skip_unavailable': False, 'install_base': '/home/antoine/Documents/drones/install/dual_rviz_jazzy', 'merge_install': False, 'path': '/home/antoine/Documents/drones/dual_rviz_jazzy', 'symlink_install': False, 'test_result_base': None}
[1.459s] INFO:colcon.colcon_core.executor:Executing jobs using 'parallel' executor
[1.460s] DEBUG:colcon.colcon_parallel_executor.executor.parallel:run_until_complete
[1.461s] INFO:colcon.colcon_ros.task.ament_cmake.build:Building ROS package in '/home/antoine/Documents/drones/dual_rviz_jazzy' with build type 'ament_cmake'
[1.461s] INFO:colcon.colcon_cmake.task.cmake.build:Building CMake package in '/home/antoine/Documents/drones/dual_rviz_jazzy'
[1.472s] INFO:colcon.colcon_core.plugin_system:Skipping extension 'colcon_core.shell.bat': Not used on non-Windows systems
[1.473s] INFO:colcon.colcon_core.shell:Skip shell extension 'powershell' for command environment: Not usable outside of PowerShell
[1.473s] DEBUG:colcon.colcon_core.shell:Skip shell extension 'dsv' for command environment
[1.519s] DEBUG:colcon.colcon_core.event_handler.log_command:Invoking command in '/home/antoine/Documents/drones/build/dual_rviz_jazzy': CMAKE_PREFIX_PATH=${CMAKE_PREFIX_PATH}:/home/antoine/ros2_ws/install/ros_tcp_endpoint:/opt/ros/jazzy /usr/bin/cmake --build /home/antoine/Documents/drones/build/dual_rviz_jazzy -- -j8 -l8
[94.082s] DEBUG:colcon.colcon_core.event_handler.log_command:Invoked command in '/home/antoine/Documents/drones/build/dual_rviz_jazzy' returned '2': CMAKE_PREFIX_PATH=${CMAKE_PREFIX_PATH}:/home/antoine/ros2_ws/install/ros_tcp_endpoint:/opt/ros/jazzy /usr/bin/cmake --build /home/antoine/Documents/drones/build/dual_rviz_jazzy -- -j8 -l8
[94.087s] Level 1:colcon.colcon_core.environment:create_environment_scripts_only(dual_rviz_jazzy)
[94.101s] Level 1:colcon.colcon_core.environment:checking '/home/antoine/Documents/drones/install/dual_rviz_jazzy' for CMake module files
[94.104s] Level 1:colcon.colcon_core.environment:checking '/home/antoine/Documents/drones/install/dual_rviz_jazzy' for CMake config files
[94.105s] Level 1:colcon.colcon_core.shell:create_environment_hook('dual_rviz_jazzy', 'cmake_prefix_path')
[94.106s] INFO:colcon.colcon_core.shell:Creating environment hook '/home/antoine/Documents/drones/install/dual_rviz_jazzy/share/dual_rviz_jazzy/hook/cmake_prefix_path.ps1'
[94.109s] INFO:colcon.colcon_core.shell:Creating environment descriptor '/home/antoine/Documents/drones/install/dual_rviz_jazzy/share/dual_rviz_jazzy/hook/cmake_prefix_path.dsv'
[94.111s] INFO:colcon.colcon_core.shell:Creating environment hook '/home/antoine/Documents/drones/install/dual_rviz_jazzy/share/dual_rviz_jazzy/hook/cmake_prefix_path.sh'
[94.112s] Level 1:colcon.colcon_core.environment:checking '/home/antoine/Documents/drones/install/dual_rviz_jazzy/lib'
[94.112s] Level 1:colcon.colcon_core.environment:checking '/home/antoine/Documents/drones/install/dual_rviz_jazzy/bin'
[94.113s] Level 1:colcon.colcon_core.environment:checking '/home/antoine/Documents/drones/install/dual_rviz_jazzy/lib/pkgconfig/dual_rviz_jazzy.pc'
[94.113s] Level 1:colcon.colcon_core.environment:checking '/home/antoine/Documents/drones/install/dual_rviz_jazzy/lib/python3.12/site-packages'
[94.113s] Level 1:colcon.colcon_core.environment:checking '/home/antoine/Documents/drones/install/dual_rviz_jazzy/bin'
[94.114s] INFO:colcon.colcon_core.shell:Creating package script '/home/antoine/Documents/drones/install/dual_rviz_jazzy/share/dual_rviz_jazzy/package.ps1'
[94.116s] INFO:colcon.colcon_core.shell:Creating package descriptor '/home/antoine/Documents/drones/install/dual_rviz_jazzy/share/dual_rviz_jazzy/package.dsv'
[94.117s] INFO:colcon.colcon_core.shell:Creating package script '/home/antoine/Documents/drones/install/dual_rviz_jazzy/share/dual_rviz_jazzy/package.sh'
[94.118s] INFO:colcon.colcon_core.shell:Creating package script '/home/antoine/Documents/drones/install/dual_rviz_jazzy/share/dual_rviz_jazzy/package.bash'
[94.121s] INFO:colcon.colcon_core.shell:Creating package script '/home/antoine/Documents/drones/install/dual_rviz_jazzy/share/dual_rviz_jazzy/package.zsh'
[94.124s] Level 1:colcon.colcon_core.environment:create_file_with_runtime_dependencies(/home/antoine/Documents/drones/install/dual_rviz_jazzy/share/colcon-core/packages/dual_rviz_jazzy)
[94.135s] DEBUG:colcon.colcon_parallel_executor.executor.parallel:closing loop
[94.136s] DEBUG:colcon.colcon_parallel_executor.executor.parallel:loop closed
[94.137s] DEBUG:colcon.colcon_parallel_executor.executor.parallel:run_until_complete finished with '2'
[94.137s] DEBUG:colcon.colcon_core.event_reactor:joining thread
[94.181s] INFO:colcon.colcon_core.plugin_system:Skipping extension 'colcon_notification.desktop_notification.terminal_notifier': Not used on non-Darwin systems
[94.182s] INFO:colcon.colcon_core.plugin_system:Skipping extension 'colcon_notification.desktop_notification.win32': Not used on non-Windows systems
[94.182s] INFO:colcon.colcon_notification.desktop_notification:Sending desktop notification using 'notify2'
[94.182s] DEBUG:colcon.colcon_notification.desktop_notification.notify2:Failed to initialize notify2: org.freedesktop.DBus.Error.AccessDenied: Failed to open socket: Operation not permitted
[94.182s] DEBUG:colcon.colcon_core.event_reactor:joined thread
[94.183s] INFO:colcon.colcon_core.shell:Creating prefix script '/home/antoine/Documents/drones/install/local_setup.ps1'
[94.186s] INFO:colcon.colcon_core.shell:Creating prefix util module '/home/antoine/Documents/drones/install/_local_setup_util_ps1.py'
[94.188s] INFO:colcon.colcon_core.shell:Creating prefix chain script '/home/antoine/Documents/drones/install/setup.ps1'
[94.199s] INFO:colcon.colcon_core.shell:Creating prefix script '/home/antoine/Documents/drones/install/local_setup.sh'
[94.202s] INFO:colcon.colcon_core.shell:Creating prefix util module '/home/antoine/Documents/drones/install/_local_setup_util_sh.py'
[94.204s] INFO:colcon.colcon_core.shell:Creating prefix chain script '/home/antoine/Documents/drones/install/setup.sh'
[94.207s] INFO:colcon.colcon_core.shell:Creating prefix script '/home/antoine/Documents/drones/install/local_setup.bash'
[94.209s] INFO:colcon.colcon_core.shell:Creating prefix chain script '/home/antoine/Documents/drones/install/setup.bash'
[94.213s] INFO:colcon.colcon_core.shell:Creating prefix script '/home/antoine/Documents/drones/install/local_setup.zsh'
[94.214s] INFO:colcon.colcon_core.shell:Creating prefix chain script '/home/antoine/Documents/drones/install/setup.zsh'
