running egg_info
writing ../../build/px4_keyboard_teleop/px4_keyboard_teleop.egg-info/PKG-INFO
writing dependency_links to ../../build/px4_keyboard_teleop/px4_keyboard_teleop.egg-info/dependency_links.txt
writing entry points to ../../build/px4_keyboard_teleop/px4_keyboard_teleop.egg-info/entry_points.txt
writing requirements to ../../build/px4_keyboard_teleop/px4_keyboard_teleop.egg-info/requires.txt
writing top-level names to ../../build/px4_keyboard_teleop/px4_keyboard_teleop.egg-info/top_level.txt
reading manifest file '../../build/px4_keyboard_teleop/px4_keyboard_teleop.egg-info/SOURCES.txt'
writing manifest file '../../build/px4_keyboard_teleop/px4_keyboard_teleop.egg-info/SOURCES.txt'
running build
running build_py
copying px4_keyboard_teleop/keyboard_teleop.py -> /home/antoine/Documents/drones/build/px4_keyboard_teleop/build/lib/px4_keyboard_teleop
running install
running install_lib
copying /home/antoine/Documents/drones/build/px4_keyboard_teleop/build/lib/px4_keyboard_teleop/keyboard_teleop.py -> /home/antoine/Documents/drones/install/px4_keyboard_teleop/lib/python3.12/site-packages/px4_keyboard_teleop
byte-compiling /home/antoine/Documents/drones/install/px4_keyboard_teleop/lib/python3.12/site-packages/px4_keyboard_teleop/keyboard_teleop.py to keyboard_teleop.cpython-312.pyc
running install_data
running install_egg_info
removing '/home/antoine/Documents/drones/install/px4_keyboard_teleop/lib/python3.12/site-packages/px4_keyboard_teleop-0.0.0-py3.12.egg-info' (and everything under it)
Copying ../../build/px4_keyboard_teleop/px4_keyboard_teleop.egg-info to /home/antoine/Documents/drones/install/px4_keyboard_teleop/lib/python3.12/site-packages/px4_keyboard_teleop-0.0.0-py3.12.egg-info
running install_scripts
Installing keyboard_teleop script to /home/antoine/Documents/drones/install/px4_keyboard_teleop/lib/px4_keyboard_teleop
writing list of installed files to '/home/antoine/Documents/drones/build/px4_keyboard_teleop/install.log'
