[0.014s] Invoking command in '/home/antoine/Documents/drones/build/dual_rviz_jazzy': CMAKE_PREFIX_PATH=${CMAKE_PREFIX_PATH}:/home/antoine/ros2_ws/install/ros_tcp_endpoint:/opt/ros/jazzy /usr/bin/cmake --build /home/antoine/Documents/drones/build/dual_rviz_jazzy -- -j8 -l8
[0.158s] [ 50%] [32mBuilding CXX object CMakeFiles/dual_rviz.dir/src/main.cpp.o[0m
[21.109s] [100%] [32m[1mLinking CXX executable dual_rviz[0m
[27.207s] [100%] Built target dual_rviz
[27.219s] Invoked command in '/home/antoine/Documents/drones/build/dual_rviz_jazzy' returned '0': CMAKE_PREFIX_PATH=${CMAKE_PREFIX_PATH}:/home/antoine/ros2_ws/install/ros_tcp_endpoint:/opt/ros/jazzy /usr/bin/cmake --build /home/antoine/Documents/drones/build/dual_rviz_jazzy -- -j8 -l8
[27.233s] Invoking command in '/home/antoine/Documents/drones/build/dual_rviz_jazzy': CMAKE_PREFIX_PATH=${CMAKE_PREFIX_PATH}:/home/antoine/ros2_ws/install/ros_tcp_endpoint:/opt/ros/jazzy /usr/bin/cmake --install /home/antoine/Documents/drones/build/dual_rviz_jazzy
[27.241s] -- Install configuration: ""
[27.241s] -- Installing: /home/antoine/Documents/drones/install/dual_rviz_jazzy/lib/dual_rviz_jazzy/dual_rviz
[27.254s] -- Set non-toolchain portion of runtime path of "/home/antoine/Documents/drones/install/dual_rviz_jazzy/lib/dual_rviz_jazzy/dual_rviz" to ""
[27.254s] -- Up-to-date: /home/antoine/Documents/drones/install/dual_rviz_jazzy/share/dual_rviz_jazzy/config
[27.254s] -- Installing: /home/antoine/Documents/drones/install/dual_rviz_jazzy/share/dual_rviz_jazzy/config/dashboard_explore.rviz
[27.254s] -- Up-to-date: /home/antoine/Documents/drones/install/dual_rviz_jazzy/share/dual_rviz_jazzy/config/vl53.rviz
[27.255s] -- Up-to-date: /home/antoine/Documents/drones/install/dual_rviz_jazzy/share/dual_rviz_jazzy/config/rgbd.rviz
[27.256s] -- Installing: /home/antoine/Documents/drones/install/dual_rviz_jazzy/share/dual_rviz_jazzy/config/dashboard_3d.rviz
[27.256s] -- Up-to-date: /home/antoine/Documents/drones/install/dual_rviz_jazzy/share/ament_index/resource_index/package_run_dependencies/dual_rviz_jazzy
[27.256s] -- Up-to-date: /home/antoine/Documents/drones/install/dual_rviz_jazzy/share/ament_index/resource_index/parent_prefix_path/dual_rviz_jazzy
[27.256s] -- Up-to-date: /home/antoine/Documents/drones/install/dual_rviz_jazzy/share/dual_rviz_jazzy/environment/ament_prefix_path.sh
[27.256s] -- Up-to-date: /home/antoine/Documents/drones/install/dual_rviz_jazzy/share/dual_rviz_jazzy/environment/ament_prefix_path.dsv
[27.256s] -- Up-to-date: /home/antoine/Documents/drones/install/dual_rviz_jazzy/share/dual_rviz_jazzy/environment/path.sh
[27.256s] -- Up-to-date: /home/antoine/Documents/drones/install/dual_rviz_jazzy/share/dual_rviz_jazzy/environment/path.dsv
[27.257s] -- Up-to-date: /home/antoine/Documents/drones/install/dual_rviz_jazzy/share/dual_rviz_jazzy/local_setup.bash
[27.257s] -- Up-to-date: /home/antoine/Documents/drones/install/dual_rviz_jazzy/share/dual_rviz_jazzy/local_setup.sh
[27.257s] -- Up-to-date: /home/antoine/Documents/drones/install/dual_rviz_jazzy/share/dual_rviz_jazzy/local_setup.zsh
[27.257s] -- Up-to-date: /home/antoine/Documents/drones/install/dual_rviz_jazzy/share/dual_rviz_jazzy/local_setup.dsv
[27.257s] -- Installing: /home/antoine/Documents/drones/install/dual_rviz_jazzy/share/dual_rviz_jazzy/package.dsv
[27.257s] -- Up-to-date: /home/antoine/Documents/drones/install/dual_rviz_jazzy/share/ament_index/resource_index/packages/dual_rviz_jazzy
[27.257s] -- Up-to-date: /home/antoine/Documents/drones/install/dual_rviz_jazzy/share/dual_rviz_jazzy/cmake/dual_rviz_jazzyConfig.cmake
[27.257s] -- Up-to-date: /home/antoine/Documents/drones/install/dual_rviz_jazzy/share/dual_rviz_jazzy/cmake/dual_rviz_jazzyConfig-version.cmake
[27.257s] -- Up-to-date: /home/antoine/Documents/drones/install/dual_rviz_jazzy/share/dual_rviz_jazzy/package.xml
[27.260s] Invoked command in '/home/antoine/Documents/drones/build/dual_rviz_jazzy' returned '0': CMAKE_PREFIX_PATH=${CMAKE_PREFIX_PATH}:/home/antoine/ros2_ws/install/ros_tcp_endpoint:/opt/ros/jazzy /usr/bin/cmake --install /home/antoine/Documents/drones/build/dual_rviz_jazzy
