[0.237s] DEBUG:colcon:Command line arguments: ['/usr/bin/colcon', 'build', '--packages-select', 'px4_keyboard_teleop']
[0.237s] DEBUG:colcon:Parsed command line arguments: Namespace(log_base=None, log_level=None, verb_name='build', build_base='build', install_base='install', merge_install=False, symlink_install=False, test_result_base=None, continue_on_error=False, executor='parallel', parallel_workers=8, event_handlers=None, ignore_user_meta=False, metas=['./colcon.meta'], base_paths=['.'], packages_ignore=None, packages_ignore_regex=None, paths=None, packages_up_to=None, packages_up_to_regex=None, packages_above=None, packages_above_and_dependencies=None, packages_above_depth=None, packages_select_by_dep=None, packages_skip_by_dep=None, packages_skip_up_to=None, packages_select_build_failed=False, packages_skip_build_finished=False, packages_select_test_failures=False, packages_skip_test_passed=False, packages_select=['px4_keyboard_teleop'], packages_skip=None, packages_select_regex=None, packages_skip_regex=None, packages_start=None, packages_end=None, allow_overriding=[], cmake_args=None, cmake_target=None, cmake_target_skip_unavailable=False, cmake_clean_cache=False, cmake_clean_first=False, cmake_force_configure=False, ament_cmake_args=None, catkin_cmake_args=None, catkin_skip_building_tests=False, mixin_files=None, mixin=None, verb_parser=<colcon_mixin.mixin.mixin_argument.MixinArgumentDecorator object at 0x7330f9ab8f20>, verb_extension=<colcon_core.verb.build.BuildVerb object at 0x7330f9ab8c50>, main=<bound method BuildVerb.main of <colcon_core.verb.build.BuildVerb object at 0x7330f9ab8c50>>, mixin_verb=('build',))
[0.340s] Level 1:colcon.colcon_core.package_discovery:discover_packages(colcon_meta) check parameters
[0.341s] Level 1:colcon.colcon_core.package_discovery:discover_packages(recursive) check parameters
[0.341s] Level 1:colcon.colcon_core.package_discovery:discover_packages(ignore) check parameters
[0.341s] Level 1:colcon.colcon_core.package_discovery:discover_packages(path) check parameters
[0.341s] Level 1:colcon.colcon_core.package_discovery:discover_packages(colcon_meta) discover
[0.341s] Level 1:colcon.colcon_core.package_discovery:discover_packages(recursive) discover
[0.341s] INFO:colcon.colcon_core.package_discovery:Crawling recursively for packages in '/home/antoine/Documents/drones'
[0.341s] Level 1:colcon.colcon_core.package_identification:_identify(.) by extensions ['ignore', 'ignore_ament_install']
[0.341s] Level 1:colcon.colcon_core.package_identification:_identify(.) by extension 'ignore'
[0.342s] Level 1:colcon.colcon_core.package_identification:_identify(.) by extension 'ignore_ament_install'
[0.342s] Level 1:colcon.colcon_core.package_identification:_identify(.) by extensions ['colcon_pkg']
[0.342s] Level 1:colcon.colcon_core.package_identification:_identify(.) by extension 'colcon_pkg'
[0.342s] Level 1:colcon.colcon_core.package_identification:_identify(.) by extensions ['colcon_meta']
[0.342s] Level 1:colcon.colcon_core.package_identification:_identify(.) by extension 'colcon_meta'
[0.342s] Level 1:colcon.colcon_core.package_identification:_identify(.) by extensions ['ros']
[0.342s] Level 1:colcon.colcon_core.package_identification:_identify(.) by extension 'ros'
[0.398s] Level 1:colcon.colcon_core.package_identification:_identify(.) by extensions ['cmake', 'python']
[0.399s] Level 1:colcon.colcon_core.package_identification:_identify(.) by extension 'cmake'
[0.399s] Level 1:colcon.colcon_core.package_identification:_identify(.) by extension 'python'
[0.399s] Level 1:colcon.colcon_core.package_identification:_identify(.) by extensions ['python_setup_py']
[0.399s] Level 1:colcon.colcon_core.package_identification:_identify(.) by extension 'python_setup_py'
[0.400s] Level 1:colcon.colcon_core.package_identification:_identify(__pycache__) by extensions ['ignore', 'ignore_ament_install']
[0.400s] Level 1:colcon.colcon_core.package_identification:_identify(__pycache__) by extension 'ignore'
[0.400s] Level 1:colcon.colcon_core.package_identification:_identify(__pycache__) by extension 'ignore_ament_install'
[0.400s] Level 1:colcon.colcon_core.package_identification:_identify(__pycache__) by extensions ['colcon_pkg']
[0.400s] Level 1:colcon.colcon_core.package_identification:_identify(__pycache__) by extension 'colcon_pkg'
[0.400s] Level 1:colcon.colcon_core.package_identification:_identify(__pycache__) by extensions ['colcon_meta']
[0.400s] Level 1:colcon.colcon_core.package_identification:_identify(__pycache__) by extension 'colcon_meta'
[0.400s] Level 1:colcon.colcon_core.package_identification:_identify(__pycache__) by extensions ['ros']
[0.400s] Level 1:colcon.colcon_core.package_identification:_identify(__pycache__) by extension 'ros'
[0.401s] Level 1:colcon.colcon_core.package_identification:_identify(__pycache__) by extensions ['cmake', 'python']
[0.401s] Level 1:colcon.colcon_core.package_identification:_identify(__pycache__) by extension 'cmake'
[0.401s] Level 1:colcon.colcon_core.package_identification:_identify(__pycache__) by extension 'python'
[0.401s] Level 1:colcon.colcon_core.package_identification:_identify(__pycache__) by extensions ['python_setup_py']
[0.401s] Level 1:colcon.colcon_core.package_identification:_identify(__pycache__) by extension 'python_setup_py'
[0.401s] Level 1:colcon.colcon_core.package_identification:_identify(build) by extensions ['ignore', 'ignore_ament_install']
[0.401s] Level 1:colcon.colcon_core.package_identification:_identify(build) by extension 'ignore'
[0.401s] Level 1:colcon.colcon_core.package_identification:_identify(build) ignored
[0.401s] Level 1:colcon.colcon_core.package_identification:_identify(dual_rviz_jazzy) by extensions ['ignore', 'ignore_ament_install']
[0.402s] Level 1:colcon.colcon_core.package_identification:_identify(dual_rviz_jazzy) by extension 'ignore'
[0.402s] Level 1:colcon.colcon_core.package_identification:_identify(dual_rviz_jazzy) by extension 'ignore_ament_install'
[0.402s] Level 1:colcon.colcon_core.package_identification:_identify(dual_rviz_jazzy) by extensions ['colcon_pkg']
[0.402s] Level 1:colcon.colcon_core.package_identification:_identify(dual_rviz_jazzy) by extension 'colcon_pkg'
[0.402s] Level 1:colcon.colcon_core.package_identification:_identify(dual_rviz_jazzy) by extensions ['colcon_meta']
[0.402s] Level 1:colcon.colcon_core.package_identification:_identify(dual_rviz_jazzy) by extension 'colcon_meta'
[0.402s] Level 1:colcon.colcon_core.package_identification:_identify(dual_rviz_jazzy) by extensions ['ros']
[0.402s] Level 1:colcon.colcon_core.package_identification:_identify(dual_rviz_jazzy) by extension 'ros'
[0.409s] DEBUG:colcon.colcon_core.package_identification:Package 'dual_rviz_jazzy' with type 'ros.ament_cmake' and name 'dual_rviz_jazzy'
[0.410s] Level 1:colcon.colcon_core.package_identification:_identify(install) by extensions ['ignore', 'ignore_ament_install']
[0.410s] Level 1:colcon.colcon_core.package_identification:_identify(install) by extension 'ignore'
[0.410s] Level 1:colcon.colcon_core.package_identification:_identify(install) ignored
[0.410s] Level 1:colcon.colcon_core.package_identification:_identify(log) by extensions ['ignore', 'ignore_ament_install']
[0.410s] Level 1:colcon.colcon_core.package_identification:_identify(log) by extension 'ignore'
[0.411s] Level 1:colcon.colcon_core.package_identification:_identify(log) ignored
[0.411s] Level 1:colcon.colcon_core.package_identification:_identify(src) by extensions ['ignore', 'ignore_ament_install']
[0.411s] Level 1:colcon.colcon_core.package_identification:_identify(src) by extension 'ignore'
[0.411s] Level 1:colcon.colcon_core.package_identification:_identify(src) by extension 'ignore_ament_install'
[0.411s] Level 1:colcon.colcon_core.package_identification:_identify(src) by extensions ['colcon_pkg']
[0.411s] Level 1:colcon.colcon_core.package_identification:_identify(src) by extension 'colcon_pkg'
[0.411s] Level 1:colcon.colcon_core.package_identification:_identify(src) by extensions ['colcon_meta']
[0.411s] Level 1:colcon.colcon_core.package_identification:_identify(src) by extension 'colcon_meta'
[0.411s] Level 1:colcon.colcon_core.package_identification:_identify(src) by extensions ['ros']
[0.411s] Level 1:colcon.colcon_core.package_identification:_identify(src) by extension 'ros'
[0.411s] Level 1:colcon.colcon_core.package_identification:_identify(src) by extensions ['cmake', 'python']
[0.412s] Level 1:colcon.colcon_core.package_identification:_identify(src) by extension 'cmake'
[0.412s] Level 1:colcon.colcon_core.package_identification:_identify(src) by extension 'python'
[0.412s] Level 1:colcon.colcon_core.package_identification:_identify(src) by extensions ['python_setup_py']
[0.412s] Level 1:colcon.colcon_core.package_identification:_identify(src) by extension 'python_setup_py'
[0.412s] Level 1:colcon.colcon_core.package_identification:_identify(src/px4_keyboard_teleop) by extensions ['ignore', 'ignore_ament_install']
[0.412s] Level 1:colcon.colcon_core.package_identification:_identify(src/px4_keyboard_teleop) by extension 'ignore'
[0.412s] Level 1:colcon.colcon_core.package_identification:_identify(src/px4_keyboard_teleop) by extension 'ignore_ament_install'
[0.412s] Level 1:colcon.colcon_core.package_identification:_identify(src/px4_keyboard_teleop) by extensions ['colcon_pkg']
[0.412s] Level 1:colcon.colcon_core.package_identification:_identify(src/px4_keyboard_teleop) by extension 'colcon_pkg'
[0.412s] Level 1:colcon.colcon_core.package_identification:_identify(src/px4_keyboard_teleop) by extensions ['colcon_meta']
[0.412s] Level 1:colcon.colcon_core.package_identification:_identify(src/px4_keyboard_teleop) by extension 'colcon_meta'
[0.412s] Level 1:colcon.colcon_core.package_identification:_identify(src/px4_keyboard_teleop) by extensions ['ros']
[0.412s] Level 1:colcon.colcon_core.package_identification:_identify(src/px4_keyboard_teleop) by extension 'ros'
[0.414s] DEBUG:colcon.colcon_core.package_identification:Package 'src/px4_keyboard_teleop' with type 'ros.ament_python' and name 'px4_keyboard_teleop'
[0.414s] Level 1:colcon.colcon_core.package_identification:_identify(tugbot_depot) by extensions ['ignore', 'ignore_ament_install']
[0.414s] Level 1:colcon.colcon_core.package_identification:_identify(tugbot_depot) by extension 'ignore'
[0.414s] Level 1:colcon.colcon_core.package_identification:_identify(tugbot_depot) by extension 'ignore_ament_install'
[0.415s] Level 1:colcon.colcon_core.package_identification:_identify(tugbot_depot) by extensions ['colcon_pkg']
[0.415s] Level 1:colcon.colcon_core.package_identification:_identify(tugbot_depot) by extension 'colcon_pkg'
[0.415s] Level 1:colcon.colcon_core.package_identification:_identify(tugbot_depot) by extensions ['colcon_meta']
[0.415s] Level 1:colcon.colcon_core.package_identification:_identify(tugbot_depot) by extension 'colcon_meta'
[0.415s] Level 1:colcon.colcon_core.package_identification:_identify(tugbot_depot) by extensions ['ros']
[0.415s] Level 1:colcon.colcon_core.package_identification:_identify(tugbot_depot) by extension 'ros'
[0.415s] Level 1:colcon.colcon_core.package_identification:_identify(tugbot_depot) by extensions ['cmake', 'python']
[0.415s] Level 1:colcon.colcon_core.package_identification:_identify(tugbot_depot) by extension 'cmake'
[0.415s] Level 1:colcon.colcon_core.package_identification:_identify(tugbot_depot) by extension 'python'
[0.415s] Level 1:colcon.colcon_core.package_identification:_identify(tugbot_depot) by extensions ['python_setup_py']
[0.415s] Level 1:colcon.colcon_core.package_identification:_identify(tugbot_depot) by extension 'python_setup_py'
[0.416s] Level 1:colcon.colcon_core.package_identification:_identify(tugbot_depot/thumbnails) by extensions ['ignore', 'ignore_ament_install']
[0.416s] Level 1:colcon.colcon_core.package_identification:_identify(tugbot_depot/thumbnails) by extension 'ignore'
[0.416s] Level 1:colcon.colcon_core.package_identification:_identify(tugbot_depot/thumbnails) by extension 'ignore_ament_install'
[0.416s] Level 1:colcon.colcon_core.package_identification:_identify(tugbot_depot/thumbnails) by extensions ['colcon_pkg']
[0.416s] Level 1:colcon.colcon_core.package_identification:_identify(tugbot_depot/thumbnails) by extension 'colcon_pkg'
[0.416s] Level 1:colcon.colcon_core.package_identification:_identify(tugbot_depot/thumbnails) by extensions ['colcon_meta']
[0.416s] Level 1:colcon.colcon_core.package_identification:_identify(tugbot_depot/thumbnails) by extension 'colcon_meta'
[0.416s] Level 1:colcon.colcon_core.package_identification:_identify(tugbot_depot/thumbnails) by extensions ['ros']
[0.417s] Level 1:colcon.colcon_core.package_identification:_identify(tugbot_depot/thumbnails) by extension 'ros'
[0.417s] Level 1:colcon.colcon_core.package_identification:_identify(tugbot_depot/thumbnails) by extensions ['cmake', 'python']
[0.417s] Level 1:colcon.colcon_core.package_identification:_identify(tugbot_depot/thumbnails) by extension 'cmake'
[0.417s] Level 1:colcon.colcon_core.package_identification:_identify(tugbot_depot/thumbnails) by extension 'python'
[0.417s] Level 1:colcon.colcon_core.package_identification:_identify(tugbot_depot/thumbnails) by extensions ['python_setup_py']
[0.417s] Level 1:colcon.colcon_core.package_identification:_identify(tugbot_depot/thumbnails) by extension 'python_setup_py'
[0.417s] Level 1:colcon.colcon_core.package_discovery:discover_packages(recursive) using defaults
[0.417s] Level 1:colcon.colcon_core.package_discovery:discover_packages(ignore) discover
[0.417s] Level 1:colcon.colcon_core.package_discovery:discover_packages(ignore) using defaults
[0.417s] Level 1:colcon.colcon_core.package_discovery:discover_packages(path) discover
[0.417s] Level 1:colcon.colcon_core.package_discovery:discover_packages(path) using defaults
[0.453s] INFO:colcon.colcon_core.package_selection:Skipping not selected package 'dual_rviz_jazzy' in 'dual_rviz_jazzy'
[0.455s] Level 1:colcon.colcon_core.package_discovery:discover_packages(prefix_path) check parameters
[0.455s] Level 1:colcon.colcon_core.package_discovery:discover_packages(prefix_path) discover
[0.463s] DEBUG:colcon.colcon_installed_package_information.package_discovery:Found 2 installed packages in /home/antoine/Documents/drones/install
[0.464s] DEBUG:colcon.colcon_installed_package_information.package_discovery:Found 3 installed packages in /home/antoine/ros2_ws/install
[0.468s] DEBUG:colcon.colcon_installed_package_information.package_discovery:Found 346 installed packages in /opt/ros/jazzy
[0.470s] Level 1:colcon.colcon_core.package_discovery:discover_packages(prefix_path) using defaults
[0.601s] Level 5:colcon.colcon_core.verb:set package 'px4_keyboard_teleop' build argument 'cmake_args' from command line to 'None'
[0.601s] Level 5:colcon.colcon_core.verb:set package 'px4_keyboard_teleop' build argument 'cmake_target' from command line to 'None'
[0.601s] Level 5:colcon.colcon_core.verb:set package 'px4_keyboard_teleop' build argument 'cmake_target_skip_unavailable' from command line to 'False'
[0.601s] Level 5:colcon.colcon_core.verb:set package 'px4_keyboard_teleop' build argument 'cmake_clean_cache' from command line to 'False'
[0.601s] Level 5:colcon.colcon_core.verb:set package 'px4_keyboard_teleop' build argument 'cmake_clean_first' from command line to 'False'
[0.601s] Level 5:colcon.colcon_core.verb:set package 'px4_keyboard_teleop' build argument 'cmake_force_configure' from command line to 'False'
[0.601s] Level 5:colcon.colcon_core.verb:set package 'px4_keyboard_teleop' build argument 'ament_cmake_args' from command line to 'None'
[0.601s] Level 5:colcon.colcon_core.verb:set package 'px4_keyboard_teleop' build argument 'catkin_cmake_args' from command line to 'None'
[0.601s] Level 5:colcon.colcon_core.verb:set package 'px4_keyboard_teleop' build argument 'catkin_skip_building_tests' from command line to 'False'
[0.601s] DEBUG:colcon.colcon_core.verb:Building package 'px4_keyboard_teleop' with the following arguments: {'ament_cmake_args': None, 'build_base': '/home/antoine/Documents/drones/build/px4_keyboard_teleop', 'catkin_cmake_args': None, 'catkin_skip_building_tests': False, 'cmake_args': None, 'cmake_clean_cache': False, 'cmake_clean_first': False, 'cmake_force_configure': False, 'cmake_target': None, 'cmake_target_skip_unavailable': False, 'install_base': '/home/antoine/Documents/drones/install/px4_keyboard_teleop', 'merge_install': False, 'path': '/home/antoine/Documents/drones/src/px4_keyboard_teleop', 'symlink_install': False, 'test_result_base': None}
[0.601s] INFO:colcon.colcon_core.executor:Executing jobs using 'parallel' executor
[0.603s] DEBUG:colcon.colcon_parallel_executor.executor.parallel:run_until_complete
[0.603s] INFO:colcon.colcon_ros.task.ament_python.build:Building ROS package in '/home/antoine/Documents/drones/src/px4_keyboard_teleop' with build type 'ament_python'
[0.603s] Level 1:colcon.colcon_core.shell:create_environment_hook('px4_keyboard_teleop', 'ament_prefix_path')
[0.610s] INFO:colcon.colcon_core.plugin_system:Skipping extension 'colcon_core.shell.bat': Not used on non-Windows systems
[0.610s] INFO:colcon.colcon_core.shell:Creating environment hook '/home/antoine/Documents/drones/install/px4_keyboard_teleop/share/px4_keyboard_teleop/hook/ament_prefix_path.ps1'
[0.612s] INFO:colcon.colcon_core.shell:Creating environment descriptor '/home/antoine/Documents/drones/install/px4_keyboard_teleop/share/px4_keyboard_teleop/hook/ament_prefix_path.dsv'
[0.613s] INFO:colcon.colcon_core.shell:Creating environment hook '/home/antoine/Documents/drones/install/px4_keyboard_teleop/share/px4_keyboard_teleop/hook/ament_prefix_path.sh'
[0.616s] INFO:colcon.colcon_core.shell:Skip shell extension 'powershell' for command environment: Not usable outside of PowerShell
[0.616s] DEBUG:colcon.colcon_core.shell:Skip shell extension 'dsv' for command environment
[1.100s] INFO:colcon.colcon_core.task.python.build:Building Python package in '/home/antoine/Documents/drones/src/px4_keyboard_teleop'
[1.100s] INFO:colcon.colcon_core.shell:Skip shell extension 'powershell' for command environment: Not usable outside of PowerShell
[1.100s] DEBUG:colcon.colcon_core.shell:Skip shell extension 'dsv' for command environment
[2.562s] DEBUG:colcon.colcon_core.task.python.build:Available setuptools commands: editable_wheel, register, build_ext, bdist, rotate, easy_install, install_data, extract_messages, saveopts, bdist_wheel, develop, build_clib, egg_info, build_scripts, sdist, build_py, install_scripts, alias, build, setopt, init_catalog, check, symlink_data, upload, install_headers, update_catalog, install, bdist_dumb, upload_docs, compile_catalog, test, bdist_rpm, install_egg_info, install_lib, dist_info, clean, bdist_egg
[2.565s] DEBUG:colcon.colcon_core.event_handler.log_command:Invoking command in '/home/antoine/Documents/drones/src/px4_keyboard_teleop': PYTHONPATH=/home/antoine/Documents/drones/build/px4_keyboard_teleop/prefix_override:/usr/lib/python3/dist-packages/colcon_core/task/python/colcon_distutils_commands:/home/antoine/Documents/drones/install/px4_keyboard_teleop/lib/python3.12/site-packages:${PYTHONPATH} /usr/bin/python3 -W ignore:setup.py install is deprecated -W ignore:easy_install command is deprecated setup.py egg_info --egg-base ../../build/px4_keyboard_teleop build --build-base /home/antoine/Documents/drones/build/px4_keyboard_teleop/build install --record /home/antoine/Documents/drones/build/px4_keyboard_teleop/install.log --install-scripts $base/lib/px4_keyboard_teleop --single-version-externally-managed install_data
[3.643s] DEBUG:colcon.colcon_core.event_handler.log_command:Invoked command in '/home/antoine/Documents/drones/src/px4_keyboard_teleop' returned '0': PYTHONPATH=/home/antoine/Documents/drones/build/px4_keyboard_teleop/prefix_override:/usr/lib/python3/dist-packages/colcon_core/task/python/colcon_distutils_commands:/home/antoine/Documents/drones/install/px4_keyboard_teleop/lib/python3.12/site-packages:${PYTHONPATH} /usr/bin/python3 -W ignore:setup.py install is deprecated -W ignore:easy_install command is deprecated setup.py egg_info --egg-base ../../build/px4_keyboard_teleop build --build-base /home/antoine/Documents/drones/build/px4_keyboard_teleop/build install --record /home/antoine/Documents/drones/build/px4_keyboard_teleop/install.log --install-scripts $base/lib/px4_keyboard_teleop --single-version-externally-managed install_data
[3.647s] Level 1:colcon.colcon_core.environment:checking '/home/antoine/Documents/drones/install/px4_keyboard_teleop' for CMake module files
[3.649s] Level 1:colcon.colcon_core.environment:checking '/home/antoine/Documents/drones/install/px4_keyboard_teleop' for CMake config files
[3.651s] Level 1:colcon.colcon_core.environment:checking '/home/antoine/Documents/drones/install/px4_keyboard_teleop/lib'
[3.652s] Level 1:colcon.colcon_core.environment:checking '/home/antoine/Documents/drones/install/px4_keyboard_teleop/bin'
[3.652s] Level 1:colcon.colcon_core.environment:checking '/home/antoine/Documents/drones/install/px4_keyboard_teleop/lib/pkgconfig/px4_keyboard_teleop.pc'
[3.652s] Level 1:colcon.colcon_core.environment:checking '/home/antoine/Documents/drones/install/px4_keyboard_teleop/lib/python3.12/site-packages'
[3.652s] Level 1:colcon.colcon_core.shell:create_environment_hook('px4_keyboard_teleop', 'pythonpath')
[3.653s] INFO:colcon.colcon_core.shell:Creating environment hook '/home/antoine/Documents/drones/install/px4_keyboard_teleop/share/px4_keyboard_teleop/hook/pythonpath.ps1'
[3.653s] INFO:colcon.colcon_core.shell:Creating environment descriptor '/home/antoine/Documents/drones/install/px4_keyboard_teleop/share/px4_keyboard_teleop/hook/pythonpath.dsv'
[3.654s] INFO:colcon.colcon_core.shell:Creating environment hook '/home/antoine/Documents/drones/install/px4_keyboard_teleop/share/px4_keyboard_teleop/hook/pythonpath.sh'
[3.655s] Level 1:colcon.colcon_core.environment:checking '/home/antoine/Documents/drones/install/px4_keyboard_teleop/bin'
[3.657s] Level 1:colcon.colcon_core.environment:create_environment_scripts_only(px4_keyboard_teleop)
[3.657s] INFO:colcon.colcon_core.shell:Creating package script '/home/antoine/Documents/drones/install/px4_keyboard_teleop/share/px4_keyboard_teleop/package.ps1'
[3.660s] INFO:colcon.colcon_core.shell:Creating package descriptor '/home/antoine/Documents/drones/install/px4_keyboard_teleop/share/px4_keyboard_teleop/package.dsv'
[3.661s] INFO:colcon.colcon_core.shell:Creating package script '/home/antoine/Documents/drones/install/px4_keyboard_teleop/share/px4_keyboard_teleop/package.sh'
[3.662s] INFO:colcon.colcon_core.shell:Creating package script '/home/antoine/Documents/drones/install/px4_keyboard_teleop/share/px4_keyboard_teleop/package.bash'
[3.664s] INFO:colcon.colcon_core.shell:Creating package script '/home/antoine/Documents/drones/install/px4_keyboard_teleop/share/px4_keyboard_teleop/package.zsh'
[3.665s] Level 1:colcon.colcon_core.environment:create_file_with_runtime_dependencies(/home/antoine/Documents/drones/install/px4_keyboard_teleop/share/colcon-core/packages/px4_keyboard_teleop)
[3.666s] DEBUG:colcon.colcon_parallel_executor.executor.parallel:closing loop
[3.666s] DEBUG:colcon.colcon_parallel_executor.executor.parallel:loop closed
[3.666s] DEBUG:colcon.colcon_parallel_executor.executor.parallel:run_until_complete finished with '0'
[3.666s] DEBUG:colcon.colcon_core.event_reactor:joining thread
[3.676s] INFO:colcon.colcon_core.plugin_system:Skipping extension 'colcon_notification.desktop_notification.terminal_notifier': Not used on non-Darwin systems
[3.677s] INFO:colcon.colcon_core.plugin_system:Skipping extension 'colcon_notification.desktop_notification.win32': Not used on non-Windows systems
[3.678s] INFO:colcon.colcon_notification.desktop_notification:Sending desktop notification using 'notify2'
[3.686s] DEBUG:colcon.colcon_core.event_reactor:joined thread
[3.687s] INFO:colcon.colcon_core.shell:Creating prefix script '/home/antoine/Documents/drones/install/local_setup.ps1'
[3.689s] INFO:colcon.colcon_core.shell:Creating prefix util module '/home/antoine/Documents/drones/install/_local_setup_util_ps1.py'
[3.692s] INFO:colcon.colcon_core.shell:Creating prefix chain script '/home/antoine/Documents/drones/install/setup.ps1'
[3.695s] INFO:colcon.colcon_core.shell:Creating prefix script '/home/antoine/Documents/drones/install/local_setup.sh'
[3.696s] INFO:colcon.colcon_core.shell:Creating prefix util module '/home/antoine/Documents/drones/install/_local_setup_util_sh.py'
[3.697s] INFO:colcon.colcon_core.shell:Creating prefix chain script '/home/antoine/Documents/drones/install/setup.sh'
[3.699s] INFO:colcon.colcon_core.shell:Creating prefix script '/home/antoine/Documents/drones/install/local_setup.bash'
[3.700s] INFO:colcon.colcon_core.shell:Creating prefix chain script '/home/antoine/Documents/drones/install/setup.bash'
[3.702s] INFO:colcon.colcon_core.shell:Creating prefix script '/home/antoine/Documents/drones/install/local_setup.zsh'
[3.703s] INFO:colcon.colcon_core.shell:Creating prefix chain script '/home/antoine/Documents/drones/install/setup.zsh'
