running egg_info
creating ../../build/px4_keyboard_teleop/px4_keyboard_teleop.egg-info
writing ../../build/px4_keyboard_teleop/px4_keyboard_teleop.egg-info/PKG-INFO
writing dependency_links to ../../build/px4_keyboard_teleop/px4_keyboard_teleop.egg-info/dependency_links.txt
writing entry points to ../../build/px4_keyboard_teleop/px4_keyboard_teleop.egg-info/entry_points.txt
writing requirements to ../../build/px4_keyboard_teleop/px4_keyboard_teleop.egg-info/requires.txt
writing top-level names to ../../build/px4_keyboard_teleop/px4_keyboard_teleop.egg-info/top_level.txt
writing manifest file '../../build/px4_keyboard_teleop/px4_keyboard_teleop.egg-info/SOURCES.txt'
reading manifest file '../../build/px4_keyboard_teleop/px4_keyboard_teleop.egg-info/SOURCES.txt'
writing manifest file '../../build/px4_keyboard_teleop/px4_keyboard_teleop.egg-info/SOURCES.txt'
running build
running build_py
creating /home/antoine/Documents/drones/build/px4_keyboard_teleop/build
creating /home/antoine/Documents/drones/build/px4_keyboard_teleop/build/lib
creating /home/antoine/Documents/drones/build/px4_keyboard_teleop/build/lib/px4_keyboard_teleop
copying px4_keyboard_teleop/__init__.py -> /home/antoine/Documents/drones/build/px4_keyboard_teleop/build/lib/px4_keyboard_teleop
copying px4_keyboard_teleop/keyboard_teleop.py -> /home/antoine/Documents/drones/build/px4_keyboard_teleop/build/lib/px4_keyboard_teleop
running install
running install_lib
creating /home/antoine/Documents/drones/install/px4_keyboard_teleop/lib/python3.12/site-packages/px4_keyboard_teleop
copying /home/antoine/Documents/drones/build/px4_keyboard_teleop/build/lib/px4_keyboard_teleop/__init__.py -> /home/antoine/Documents/drones/install/px4_keyboard_teleop/lib/python3.12/site-packages/px4_keyboard_teleop
copying /home/antoine/Documents/drones/build/px4_keyboard_teleop/build/lib/px4_keyboard_teleop/keyboard_teleop.py -> /home/antoine/Documents/drones/install/px4_keyboard_teleop/lib/python3.12/site-packages/px4_keyboard_teleop
byte-compiling /home/antoine/Documents/drones/install/px4_keyboard_teleop/lib/python3.12/site-packages/px4_keyboard_teleop/__init__.py to __init__.cpython-312.pyc
byte-compiling /home/antoine/Documents/drones/install/px4_keyboard_teleop/lib/python3.12/site-packages/px4_keyboard_teleop/keyboard_teleop.py to keyboard_teleop.cpython-312.pyc
running install_data
creating /home/antoine/Documents/drones/install/px4_keyboard_teleop/share/ament_index
creating /home/antoine/Documents/drones/install/px4_keyboard_teleop/share/ament_index/resource_index
creating /home/antoine/Documents/drones/install/px4_keyboard_teleop/share/ament_index/resource_index/packages
copying resource/px4_keyboard_teleop -> /home/antoine/Documents/drones/install/px4_keyboard_teleop/share/ament_index/resource_index/packages
copying package.xml -> /home/antoine/Documents/drones/install/px4_keyboard_teleop/share/px4_keyboard_teleop
running install_egg_info
Copying ../../build/px4_keyboard_teleop/px4_keyboard_teleop.egg-info to /home/antoine/Documents/drones/install/px4_keyboard_teleop/lib/python3.12/site-packages/px4_keyboard_teleop-0.0.0-py3.12.egg-info
running install_scripts
Installing keyboard_teleop script to /home/antoine/Documents/drones/install/px4_keyboard_teleop/lib/px4_keyboard_teleop
writing list of installed files to '/home/antoine/Documents/drones/build/px4_keyboard_teleop/install.log'
