[0.011s] Invoking command in '/home/antoine/Documents/drones/build/dual_rviz_jazzy': CMAKE_PREFIX_PATH=${CMAKE_PREFIX_PATH}:/home/antoine/ros2_ws/install/ros_tcp_endpoint:/opt/ros/jazzy /usr/bin/cmake --build /home/antoine/Documents/drones/build/dual_rviz_jazzy -- -j8 -l8
[0.086s] [ 50%] [32mBuilding CXX object CMakeFiles/dual_rviz.dir/src/main.cpp.o[0m
[19.998s] [100%] [32m[1mLinking CXX executable dual_rviz[0m
[25.481s] [100%] Built target dual_rviz
[25.502s] Invoked command in '/home/antoine/Documents/drones/build/dual_rviz_jazzy' returned '0': CMAKE_PREFIX_PATH=${CMAKE_PREFIX_PATH}:/home/antoine/ros2_ws/install/ros_tcp_endpoint:/opt/ros/jazzy /usr/bin/cmake --build /home/antoine/Documents/drones/build/dual_rviz_jazzy -- -j8 -l8
[25.515s] Invoking command in '/home/antoine/Documents/drones/build/dual_rviz_jazzy': CMAKE_PREFIX_PATH=${CMAKE_PREFIX_PATH}:/home/antoine/ros2_ws/install/ros_tcp_endpoint:/opt/ros/jazzy /usr/bin/cmake --install /home/antoine/Documents/drones/build/dual_rviz_jazzy
[25.530s] -- Install configuration: ""
[25.530s] -- Installing: /home/antoine/Documents/drones/install/dual_rviz_jazzy/lib/dual_rviz_jazzy/dual_rviz
[25.542s] -- Set non-toolchain portion of runtime path of "/home/antoine/Documents/drones/install/dual_rviz_jazzy/lib/dual_rviz_jazzy/dual_rviz" to ""
[25.542s] -- Up-to-date: /home/antoine/Documents/drones/install/dual_rviz_jazzy/share/dual_rviz_jazzy/config
[25.542s] -- Up-to-date: /home/antoine/Documents/drones/install/dual_rviz_jazzy/share/dual_rviz_jazzy/config/dashboard_explore.rviz
[25.542s] -- Up-to-date: /home/antoine/Documents/drones/install/dual_rviz_jazzy/share/dual_rviz_jazzy/config/vl53.rviz
[25.542s] -- Up-to-date: /home/antoine/Documents/drones/install/dual_rviz_jazzy/share/dual_rviz_jazzy/config/rgbd.rviz
[25.542s] -- Up-to-date: /home/antoine/Documents/drones/install/dual_rviz_jazzy/share/dual_rviz_jazzy/config/dashboard_3d.rviz
[25.542s] -- Up-to-date: /home/antoine/Documents/drones/install/dual_rviz_jazzy/share/ament_index/resource_index/package_run_dependencies/dual_rviz_jazzy
[25.542s] -- Up-to-date: /home/antoine/Documents/drones/install/dual_rviz_jazzy/share/ament_index/resource_index/parent_prefix_path/dual_rviz_jazzy
[25.543s] -- Up-to-date: /home/antoine/Documents/drones/install/dual_rviz_jazzy/share/dual_rviz_jazzy/environment/ament_prefix_path.sh
[25.543s] -- Up-to-date: /home/antoine/Documents/drones/install/dual_rviz_jazzy/share/dual_rviz_jazzy/environment/ament_prefix_path.dsv
[25.543s] -- Up-to-date: /home/antoine/Documents/drones/install/dual_rviz_jazzy/share/dual_rviz_jazzy/environment/path.sh
[25.543s] -- Up-to-date: /home/antoine/Documents/drones/install/dual_rviz_jazzy/share/dual_rviz_jazzy/environment/path.dsv
[25.543s] -- Up-to-date: /home/antoine/Documents/drones/install/dual_rviz_jazzy/share/dual_rviz_jazzy/local_setup.bash
[25.543s] -- Up-to-date: /home/antoine/Documents/drones/install/dual_rviz_jazzy/share/dual_rviz_jazzy/local_setup.sh
[25.544s] -- Up-to-date: /home/antoine/Documents/drones/install/dual_rviz_jazzy/share/dual_rviz_jazzy/local_setup.zsh
[25.544s] -- Up-to-date: /home/antoine/Documents/drones/install/dual_rviz_jazzy/share/dual_rviz_jazzy/local_setup.dsv
[25.544s] -- Installing: /home/antoine/Documents/drones/install/dual_rviz_jazzy/share/dual_rviz_jazzy/package.dsv
[25.545s] -- Up-to-date: /home/antoine/Documents/drones/install/dual_rviz_jazzy/share/ament_index/resource_index/packages/dual_rviz_jazzy
[25.545s] -- Up-to-date: /home/antoine/Documents/drones/install/dual_rviz_jazzy/share/dual_rviz_jazzy/cmake/dual_rviz_jazzyConfig.cmake
[25.545s] -- Up-to-date: /home/antoine/Documents/drones/install/dual_rviz_jazzy/share/dual_rviz_jazzy/cmake/dual_rviz_jazzyConfig-version.cmake
[25.545s] -- Up-to-date: /home/antoine/Documents/drones/install/dual_rviz_jazzy/share/dual_rviz_jazzy/package.xml
[25.545s] Invoked command in '/home/antoine/Documents/drones/build/dual_rviz_jazzy' returned '0': CMAKE_PREFIX_PATH=${CMAKE_PREFIX_PATH}:/home/antoine/ros2_ws/install/ros_tcp_endpoint:/opt/ros/jazzy /usr/bin/cmake --install /home/antoine/Documents/drones/build/dual_rviz_jazzy
