[0.025s] Invoking command in '/home/antoine/Documents/drones/build/dual_rviz_jazzy': CMAKE_PREFIX_PATH=${CMAKE_PREFIX_PATH}:/home/antoine/ros2_ws/install/ros_tcp_endpoint:/opt/ros/jazzy /usr/bin/cmake --build /home/antoine/Documents/drones/build/dual_rviz_jazzy -- -j8 -l8
[0.134s] -- Found ament_cmake: 2.5.6 (/opt/ros/jazzy/share/ament_cmake/cmake)
[0.568s] -- Found rclcpp: 28.1.21 (/opt/ros/jazzy/share/rclcpp/cmake)
[0.629s] -- Found rosidl_generator_c: 4.6.9 (/opt/ros/jazzy/share/rosidl_generator_c/cmake)
[0.650s] -- Found rosidl_generator_cpp: 4.6.9 (/opt/ros/jazzy/share/rosidl_generator_cpp/cmake)
[0.673s] -- Using all available rosidl_typesupport_c: rosidl_typesupport_fastrtps_c;rosidl_typesupport_introspection_c
[0.701s] -- Using all available rosidl_typesupport_cpp: rosidl_typesupport_fastrtps_cpp;rosidl_typesupport_introspection_cpp
[0.821s] -- Found rmw_implementation_cmake: 7.3.3 (/opt/ros/jazzy/share/rmw_implementation_cmake/cmake)
[0.824s] -- Found rmw_fastrtps_cpp: 8.4.4 (/opt/ros/jazzy/share/rmw_fastrtps_cpp/cmake)
[0.958s] -- Using RMW implementation 'rmw_fastrtps_cpp' as default
[1.082s] -- Found rviz_common: 14.1.22 (/opt/ros/jazzy/share/rviz_common/cmake)
[1.185s] -- Setting OGRE_DIR to: '/opt/ros/jazzy/share/rviz_ogre_vendor/cmake/../../../opt/rviz_ogre_vendor/lib/OGRE/cmake'
[1.188s] -- Found OGRE
[1.188s] --   static     : OFF
[1.188s] --   components : MeshLodGenerator;Overlay;Paging;Property;RTShaderSystem;Terrain;Volume
[1.188s] --   plugins    : Plugin_BSPSceneManager;Plugin_OctreeSceneManager;Plugin_PCZSceneManager;Plugin_ParticleFX;RenderSystem_GL;RenderSystem_GL3Plus;Codec_STBI
[1.189s] --   media      : /opt/ros/jazzy/opt/rviz_ogre_vendor/share/OGRE/Media
[1.190s] -- OGRE_LIBRARIES: OgreMeshLodGenerator;OgreOverlay;OgrePaging;OgreProperty;OgreRTShaderSystem;OgreTerrain;OgreVolume;OgreMain
[1.190s] -- OGRE_LIBRARY_DIRS: /opt/ros/jazzy/opt/rviz_ogre_vendor/lib
[1.190s] -- OGRE_PLUGINS: Plugin_BSPSceneManager;Plugin_OctreeSceneManager;Plugin_PCZSceneManager;Plugin_ParticleFX;RenderSystem_GL;RenderSystem_GL3Plus;Codec_STBI
[1.190s] -- OGRE_PLUGIN_DIR: /opt/ros/jazzy/opt/rviz_ogre_vendor/lib/OGRE
[1.191s] -- rviz_ogre_vendor::OgreOverlay for IMPORTED_LOCATION_RELEASE: /opt/ros/jazzy/opt/rviz_ogre_vendor/lib/libOgreOverlay.so
[1.191s] -- rviz_ogre_vendor::OgreOverlay for IMPORTED_LOCATION_DEBUG: /opt/ros/jazzy/opt/rviz_ogre_vendor/lib/libOgreOverlay.so
[1.191s] -- rviz_ogre_vendor::OgreMain for IMPORTED_LOCATION_RELEASE: /opt/ros/jazzy/opt/rviz_ogre_vendor/lib/libOgreMain.so
[1.191s] -- rviz_ogre_vendor::OgreMain for IMPORTED_LOCATION_DEBUG: /opt/ros/jazzy/opt/rviz_ogre_vendor/lib/libOgreMain.so
[1.720s] -- Setting yaml-cpp_DIR to: '/opt/ros/jazzy/share/yaml_cpp_vendor/cmake/../../../opt/yaml_cpp_vendor/share/cmake/yaml-cpp'
[1.740s] -- Found rviz_default_plugins: 14.1.22 (/opt/ros/jazzy/share/rviz_default_plugins/cmake)
[1.974s] -- Found eigen3_cmake_module: 0.3.1 (/opt/ros/jazzy/share/eigen3_cmake_module/cmake)
[1.977s] -- Ensuring Eigen3 include directory is part of orocos-kdl CMake target
[2.001s] -- Found rtabmap_msgs: 0.22.1 (/opt/ros/jazzy/share/rtabmap_msgs/cmake)
[2.079s] -- Found rtabmap_rviz_plugins: 0.22.1 (/opt/ros/jazzy/share/rtabmap_rviz_plugins/cmake)
[2.267s] -- Configuring done (2.1s)
[2.329s] -- Generating done (0.0s)
[2.338s] -- Build files have been written to: /home/antoine/Documents/drones/build/dual_rviz_jazzy
[2.465s] [ 50%] [32mBuilding CXX object CMakeFiles/dual_rviz.dir/src/main.cpp.o[0m
[3.494s] In file included from [01m[K/home/antoine/Documents/drones/dual_rviz_jazzy/src/main.cpp:37[m[K:
[3.494s] [01m[K/opt/ros/jazzy/include/rtabmap_rviz_plugins/InfoDisplay.h:42:10:[m[K [01;31m[Kfatal error: [m[Krtabmap/core/Transform.h: No such file or directory
[3.494s]    42 | #include [01;31m[K<rtabmap/core/Transform.h>[m[K
[3.494s]       |          [01;31m[K^~~~~~~~~~~~~~~~~~~~~~~~~~[m[K
[3.494s] compilation terminated.
[3.505s] gmake[2]: *** [CMakeFiles/dual_rviz.dir/build.make:76: CMakeFiles/dual_rviz.dir/src/main.cpp.o] Error 1
[3.505s] gmake[1]: *** [CMakeFiles/Makefile2:137: CMakeFiles/dual_rviz.dir/all] Error 2
[3.506s] gmake: *** [Makefile:146: all] Error 2
[3.509s] Invoked command in '/home/antoine/Documents/drones/build/dual_rviz_jazzy' returned '2': CMAKE_PREFIX_PATH=${CMAKE_PREFIX_PATH}:/home/antoine/ros2_ws/install/ros_tcp_endpoint:/opt/ros/jazzy /usr/bin/cmake --build /home/antoine/Documents/drones/build/dual_rviz_jazzy -- -j8 -l8
