[0.117s] DEBUG:colcon:Command line arguments: ['/usr/bin/colcon', 'build', '--packages-select', 'dual_rviz_jazzy']
[0.117s] DEBUG:colcon:Parsed command line arguments: Namespace(log_base=None, log_level=None, verb_name='build', build_base='build', install_base='install', merge_install=False, symlink_install=False, test_result_base=None, continue_on_error=False, executor='parallel', parallel_workers=8, event_handlers=None, ignore_user_meta=False, metas=['./colcon.meta'], base_paths=['.'], packages_ignore=None, packages_ignore_regex=None, paths=None, packages_up_to=None, packages_up_to_regex=None, packages_above=None, packages_above_and_dependencies=None, packages_above_depth=None, packages_select_by_dep=None, packages_skip_by_dep=None, packages_skip_up_to=None, packages_select_build_failed=False, packages_skip_build_finished=False, packages_select_test_failures=False, packages_skip_test_passed=False, packages_select=['dual_rviz_jazzy'], packages_skip=None, packages_select_regex=None, packages_skip_regex=None, packages_start=None, packages_end=None, allow_overriding=[], cmake_args=None, cmake_target=None, cmake_target_skip_unavailable=False, cmake_clean_cache=False, cmake_clean_first=False, cmake_force_configure=False, ament_cmake_args=None, catkin_cmake_args=None, catkin_skip_building_tests=False, mixin_files=None, mixin=None, verb_parser=<colcon_mixin.mixin.mixin_argument.MixinArgumentDecorator object at 0x77f9d7abc740>, verb_extension=<colcon_core.verb.build.BuildVerb object at 0x77f9d7abc410>, main=<bound method BuildVerb.main of <colcon_core.verb.build.BuildVerb object at 0x77f9d7abc410>>, mixin_verb=('build',))
[0.157s] Level 1:colcon.colcon_core.package_discovery:discover_packages(colcon_meta) check parameters
[0.157s] Level 1:colcon.colcon_core.package_discovery:discover_packages(recursive) check parameters
[0.157s] Level 1:colcon.colcon_core.package_discovery:discover_packages(ignore) check parameters
[0.157s] Level 1:colcon.colcon_core.package_discovery:discover_packages(path) check parameters
[0.157s] Level 1:colcon.colcon_core.package_discovery:discover_packages(colcon_meta) discover
[0.157s] Level 1:colcon.colcon_core.package_discovery:discover_packages(recursive) discover
[0.157s] INFO:colcon.colcon_core.package_discovery:Crawling recursively for packages in '/home/antoine/Documents/drones'
[0.157s] Level 1:colcon.colcon_core.package_identification:_identify(.) by extensions ['ignore', 'ignore_ament_install']
[0.158s] Level 1:colcon.colcon_core.package_identification:_identify(.) by extension 'ignore'
[0.158s] Level 1:colcon.colcon_core.package_identification:_identify(.) by extension 'ignore_ament_install'
[0.158s] Level 1:colcon.colcon_core.package_identification:_identify(.) by extensions ['colcon_pkg']
[0.158s] Level 1:colcon.colcon_core.package_identification:_identify(.) by extension 'colcon_pkg'
[0.158s] Level 1:colcon.colcon_core.package_identification:_identify(.) by extensions ['colcon_meta']
[0.158s] Level 1:colcon.colcon_core.package_identification:_identify(.) by extension 'colcon_meta'
[0.158s] Level 1:colcon.colcon_core.package_identification:_identify(.) by extensions ['ros']
[0.158s] Level 1:colcon.colcon_core.package_identification:_identify(.) by extension 'ros'
[0.195s] Level 1:colcon.colcon_core.package_identification:_identify(.) by extensions ['cmake', 'python']
[0.195s] Level 1:colcon.colcon_core.package_identification:_identify(.) by extension 'cmake'
[0.195s] Level 1:colcon.colcon_core.package_identification:_identify(.) by extension 'python'
[0.195s] Level 1:colcon.colcon_core.package_identification:_identify(.) by extensions ['python_setup_py']
[0.195s] Level 1:colcon.colcon_core.package_identification:_identify(.) by extension 'python_setup_py'
[0.196s] Level 1:colcon.colcon_core.package_identification:_identify(__pycache__) by extensions ['ignore', 'ignore_ament_install']
[0.196s] Level 1:colcon.colcon_core.package_identification:_identify(__pycache__) by extension 'ignore'
[0.196s] Level 1:colcon.colcon_core.package_identification:_identify(__pycache__) by extension 'ignore_ament_install'
[0.196s] Level 1:colcon.colcon_core.package_identification:_identify(__pycache__) by extensions ['colcon_pkg']
[0.196s] Level 1:colcon.colcon_core.package_identification:_identify(__pycache__) by extension 'colcon_pkg'
[0.196s] Level 1:colcon.colcon_core.package_identification:_identify(__pycache__) by extensions ['colcon_meta']
[0.196s] Level 1:colcon.colcon_core.package_identification:_identify(__pycache__) by extension 'colcon_meta'
[0.196s] Level 1:colcon.colcon_core.package_identification:_identify(__pycache__) by extensions ['ros']
[0.196s] Level 1:colcon.colcon_core.package_identification:_identify(__pycache__) by extension 'ros'
[0.196s] Level 1:colcon.colcon_core.package_identification:_identify(__pycache__) by extensions ['cmake', 'python']
[0.196s] Level 1:colcon.colcon_core.package_identification:_identify(__pycache__) by extension 'cmake'
[0.196s] Level 1:colcon.colcon_core.package_identification:_identify(__pycache__) by extension 'python'
[0.196s] Level 1:colcon.colcon_core.package_identification:_identify(__pycache__) by extensions ['python_setup_py']
[0.196s] Level 1:colcon.colcon_core.package_identification:_identify(__pycache__) by extension 'python_setup_py'
[0.196s] Level 1:colcon.colcon_core.package_identification:_identify(build) by extensions ['ignore', 'ignore_ament_install']
[0.196s] Level 1:colcon.colcon_core.package_identification:_identify(build) by extension 'ignore'
[0.196s] Level 1:colcon.colcon_core.package_identification:_identify(build) ignored
[0.196s] Level 1:colcon.colcon_core.package_identification:_identify(dual_rviz_jazzy) by extensions ['ignore', 'ignore_ament_install']
[0.196s] Level 1:colcon.colcon_core.package_identification:_identify(dual_rviz_jazzy) by extension 'ignore'
[0.197s] Level 1:colcon.colcon_core.package_identification:_identify(dual_rviz_jazzy) by extension 'ignore_ament_install'
[0.197s] Level 1:colcon.colcon_core.package_identification:_identify(dual_rviz_jazzy) by extensions ['colcon_pkg']
[0.197s] Level 1:colcon.colcon_core.package_identification:_identify(dual_rviz_jazzy) by extension 'colcon_pkg'
[0.197s] Level 1:colcon.colcon_core.package_identification:_identify(dual_rviz_jazzy) by extensions ['colcon_meta']
[0.197s] Level 1:colcon.colcon_core.package_identification:_identify(dual_rviz_jazzy) by extension 'colcon_meta'
[0.197s] Level 1:colcon.colcon_core.package_identification:_identify(dual_rviz_jazzy) by extensions ['ros']
[0.197s] Level 1:colcon.colcon_core.package_identification:_identify(dual_rviz_jazzy) by extension 'ros'
[0.200s] DEBUG:colcon.colcon_core.package_identification:Package 'dual_rviz_jazzy' with type 'ros.ament_cmake' and name 'dual_rviz_jazzy'
[0.200s] Level 1:colcon.colcon_core.package_identification:_identify(install) by extensions ['ignore', 'ignore_ament_install']
[0.200s] Level 1:colcon.colcon_core.package_identification:_identify(install) by extension 'ignore'
[0.201s] Level 1:colcon.colcon_core.package_identification:_identify(install) ignored
[0.201s] Level 1:colcon.colcon_core.package_identification:_identify(log) by extensions ['ignore', 'ignore_ament_install']
[0.201s] Level 1:colcon.colcon_core.package_identification:_identify(log) by extension 'ignore'
[0.201s] Level 1:colcon.colcon_core.package_identification:_identify(log) ignored
[0.201s] Level 1:colcon.colcon_core.package_identification:_identify(tugbot_depot) by extensions ['ignore', 'ignore_ament_install']
[0.201s] Level 1:colcon.colcon_core.package_identification:_identify(tugbot_depot) by extension 'ignore'
[0.201s] Level 1:colcon.colcon_core.package_identification:_identify(tugbot_depot) by extension 'ignore_ament_install'
[0.201s] Level 1:colcon.colcon_core.package_identification:_identify(tugbot_depot) by extensions ['colcon_pkg']
[0.201s] Level 1:colcon.colcon_core.package_identification:_identify(tugbot_depot) by extension 'colcon_pkg'
[0.201s] Level 1:colcon.colcon_core.package_identification:_identify(tugbot_depot) by extensions ['colcon_meta']
[0.201s] Level 1:colcon.colcon_core.package_identification:_identify(tugbot_depot) by extension 'colcon_meta'
[0.201s] Level 1:colcon.colcon_core.package_identification:_identify(tugbot_depot) by extensions ['ros']
[0.201s] Level 1:colcon.colcon_core.package_identification:_identify(tugbot_depot) by extension 'ros'
[0.201s] Level 1:colcon.colcon_core.package_identification:_identify(tugbot_depot) by extensions ['cmake', 'python']
[0.201s] Level 1:colcon.colcon_core.package_identification:_identify(tugbot_depot) by extension 'cmake'
[0.201s] Level 1:colcon.colcon_core.package_identification:_identify(tugbot_depot) by extension 'python'
[0.201s] Level 1:colcon.colcon_core.package_identification:_identify(tugbot_depot) by extensions ['python_setup_py']
[0.201s] Level 1:colcon.colcon_core.package_identification:_identify(tugbot_depot) by extension 'python_setup_py'
[0.201s] Level 1:colcon.colcon_core.package_identification:_identify(tugbot_depot/thumbnails) by extensions ['ignore', 'ignore_ament_install']
[0.202s] Level 1:colcon.colcon_core.package_identification:_identify(tugbot_depot/thumbnails) by extension 'ignore'
[0.202s] Level 1:colcon.colcon_core.package_identification:_identify(tugbot_depot/thumbnails) by extension 'ignore_ament_install'
[0.202s] Level 1:colcon.colcon_core.package_identification:_identify(tugbot_depot/thumbnails) by extensions ['colcon_pkg']
[0.202s] Level 1:colcon.colcon_core.package_identification:_identify(tugbot_depot/thumbnails) by extension 'colcon_pkg'
[0.202s] Level 1:colcon.colcon_core.package_identification:_identify(tugbot_depot/thumbnails) by extensions ['colcon_meta']
[0.202s] Level 1:colcon.colcon_core.package_identification:_identify(tugbot_depot/thumbnails) by extension 'colcon_meta'
[0.202s] Level 1:colcon.colcon_core.package_identification:_identify(tugbot_depot/thumbnails) by extensions ['ros']
[0.202s] Level 1:colcon.colcon_core.package_identification:_identify(tugbot_depot/thumbnails) by extension 'ros'
[0.202s] Level 1:colcon.colcon_core.package_identification:_identify(tugbot_depot/thumbnails) by extensions ['cmake', 'python']
[0.202s] Level 1:colcon.colcon_core.package_identification:_identify(tugbot_depot/thumbnails) by extension 'cmake'
[0.202s] Level 1:colcon.colcon_core.package_identification:_identify(tugbot_depot/thumbnails) by extension 'python'
[0.202s] Level 1:colcon.colcon_core.package_identification:_identify(tugbot_depot/thumbnails) by extensions ['python_setup_py']
[0.202s] Level 1:colcon.colcon_core.package_identification:_identify(tugbot_depot/thumbnails) by extension 'python_setup_py'
[0.202s] Level 1:colcon.colcon_core.package_discovery:discover_packages(recursive) using defaults
[0.202s] Level 1:colcon.colcon_core.package_discovery:discover_packages(ignore) discover
[0.202s] Level 1:colcon.colcon_core.package_discovery:discover_packages(ignore) using defaults
[0.202s] Level 1:colcon.colcon_core.package_discovery:discover_packages(path) discover
[0.202s] Level 1:colcon.colcon_core.package_discovery:discover_packages(path) using defaults
[0.226s] Level 1:colcon.colcon_core.package_discovery:discover_packages(prefix_path) check parameters
[0.226s] Level 1:colcon.colcon_core.package_discovery:discover_packages(prefix_path) discover
[0.228s] DEBUG:colcon.colcon_installed_package_information.package_discovery:Found 2 installed packages in /home/antoine/ros2_ws/install
[0.229s] DEBUG:colcon.colcon_installed_package_information.package_discovery:Found 346 installed packages in /opt/ros/jazzy
[0.231s] Level 1:colcon.colcon_core.package_discovery:discover_packages(prefix_path) using defaults
[0.270s] Level 5:colcon.colcon_core.verb:set package 'dual_rviz_jazzy' build argument 'cmake_args' from command line to 'None'
[0.270s] Level 5:colcon.colcon_core.verb:set package 'dual_rviz_jazzy' build argument 'cmake_target' from command line to 'None'
[0.270s] Level 5:colcon.colcon_core.verb:set package 'dual_rviz_jazzy' build argument 'cmake_target_skip_unavailable' from command line to 'False'
[0.270s] Level 5:colcon.colcon_core.verb:set package 'dual_rviz_jazzy' build argument 'cmake_clean_cache' from command line to 'False'
[0.270s] Level 5:colcon.colcon_core.verb:set package 'dual_rviz_jazzy' build argument 'cmake_clean_first' from command line to 'False'
[0.270s] Level 5:colcon.colcon_core.verb:set package 'dual_rviz_jazzy' build argument 'cmake_force_configure' from command line to 'False'
[0.270s] Level 5:colcon.colcon_core.verb:set package 'dual_rviz_jazzy' build argument 'ament_cmake_args' from command line to 'None'
[0.270s] Level 5:colcon.colcon_core.verb:set package 'dual_rviz_jazzy' build argument 'catkin_cmake_args' from command line to 'None'
[0.270s] Level 5:colcon.colcon_core.verb:set package 'dual_rviz_jazzy' build argument 'catkin_skip_building_tests' from command line to 'False'
[0.270s] DEBUG:colcon.colcon_core.verb:Building package 'dual_rviz_jazzy' with the following arguments: {'ament_cmake_args': None, 'build_base': '/home/antoine/Documents/drones/build/dual_rviz_jazzy', 'catkin_cmake_args': None, 'catkin_skip_building_tests': False, 'cmake_args': None, 'cmake_clean_cache': False, 'cmake_clean_first': False, 'cmake_force_configure': False, 'cmake_target': None, 'cmake_target_skip_unavailable': False, 'install_base': '/home/antoine/Documents/drones/install/dual_rviz_jazzy', 'merge_install': False, 'path': '/home/antoine/Documents/drones/dual_rviz_jazzy', 'symlink_install': False, 'test_result_base': None}
[0.270s] INFO:colcon.colcon_core.executor:Executing jobs using 'parallel' executor
[0.271s] DEBUG:colcon.colcon_parallel_executor.executor.parallel:run_until_complete
[0.271s] INFO:colcon.colcon_ros.task.ament_cmake.build:Building ROS package in '/home/antoine/Documents/drones/dual_rviz_jazzy' with build type 'ament_cmake'
[0.272s] INFO:colcon.colcon_cmake.task.cmake.build:Building CMake package in '/home/antoine/Documents/drones/dual_rviz_jazzy'
[0.273s] INFO:colcon.colcon_core.plugin_system:Skipping extension 'colcon_core.shell.bat': Not used on non-Windows systems
[0.273s] INFO:colcon.colcon_core.shell:Skip shell extension 'powershell' for command environment: Not usable outside of PowerShell
[0.273s] DEBUG:colcon.colcon_core.shell:Skip shell extension 'dsv' for command environment
[0.286s] DEBUG:colcon.colcon_core.event_handler.log_command:Invoking command in '/home/antoine/Documents/drones/build/dual_rviz_jazzy': CMAKE_PREFIX_PATH=${CMAKE_PREFIX_PATH}:/home/antoine/ros2_ws/install/ros_tcp_endpoint:/opt/ros/jazzy /usr/bin/cmake /home/antoine/Documents/drones/dual_rviz_jazzy -DCMAKE_INSTALL_PREFIX=/home/antoine/Documents/drones/install/dual_rviz_jazzy
[2.792s] DEBUG:colcon.colcon_core.event_handler.log_command:Invoked command in '/home/antoine/Documents/drones/build/dual_rviz_jazzy' returned '0': CMAKE_PREFIX_PATH=${CMAKE_PREFIX_PATH}:/home/antoine/ros2_ws/install/ros_tcp_endpoint:/opt/ros/jazzy /usr/bin/cmake /home/antoine/Documents/drones/dual_rviz_jazzy -DCMAKE_INSTALL_PREFIX=/home/antoine/Documents/drones/install/dual_rviz_jazzy
[2.793s] DEBUG:colcon.colcon_core.event_handler.log_command:Invoking command in '/home/antoine/Documents/drones/build/dual_rviz_jazzy': CMAKE_PREFIX_PATH=${CMAKE_PREFIX_PATH}:/home/antoine/ros2_ws/install/ros_tcp_endpoint:/opt/ros/jazzy /usr/bin/cmake --build /home/antoine/Documents/drones/build/dual_rviz_jazzy -- -j8 -l8
[9.346s] DEBUG:colcon.colcon_core.event_handler.log_command:Invoked command in '/home/antoine/Documents/drones/build/dual_rviz_jazzy' returned '2': CMAKE_PREFIX_PATH=${CMAKE_PREFIX_PATH}:/home/antoine/ros2_ws/install/ros_tcp_endpoint:/opt/ros/jazzy /usr/bin/cmake --build /home/antoine/Documents/drones/build/dual_rviz_jazzy -- -j8 -l8
[9.347s] Level 1:colcon.colcon_core.environment:create_environment_scripts_only(dual_rviz_jazzy)
[9.349s] Level 1:colcon.colcon_core.environment:checking '/home/antoine/Documents/drones/install/dual_rviz_jazzy' for CMake module files
[9.350s] Level 1:colcon.colcon_core.environment:checking '/home/antoine/Documents/drones/install/dual_rviz_jazzy' for CMake config files
[9.350s] Level 1:colcon.colcon_core.environment:checking '/home/antoine/Documents/drones/install/dual_rviz_jazzy/bin'
[9.350s] Level 1:colcon.colcon_core.environment:checking '/home/antoine/Documents/drones/install/dual_rviz_jazzy/lib/pkgconfig/dual_rviz_jazzy.pc'
[9.351s] Level 1:colcon.colcon_core.environment:checking '/home/antoine/Documents/drones/install/dual_rviz_jazzy/lib/python3.12/site-packages'
[9.351s] Level 1:colcon.colcon_core.environment:checking '/home/antoine/Documents/drones/install/dual_rviz_jazzy/bin'
[9.351s] INFO:colcon.colcon_core.shell:Creating package script '/home/antoine/Documents/drones/install/dual_rviz_jazzy/share/dual_rviz_jazzy/package.ps1'
[9.352s] INFO:colcon.colcon_core.shell:Creating package descriptor '/home/antoine/Documents/drones/install/dual_rviz_jazzy/share/dual_rviz_jazzy/package.dsv'
[9.352s] INFO:colcon.colcon_core.shell:Creating package script '/home/antoine/Documents/drones/install/dual_rviz_jazzy/share/dual_rviz_jazzy/package.sh'
[9.353s] INFO:colcon.colcon_core.shell:Creating package script '/home/antoine/Documents/drones/install/dual_rviz_jazzy/share/dual_rviz_jazzy/package.bash'
[9.353s] INFO:colcon.colcon_core.shell:Creating package script '/home/antoine/Documents/drones/install/dual_rviz_jazzy/share/dual_rviz_jazzy/package.zsh'
[9.354s] Level 1:colcon.colcon_core.environment:create_file_with_runtime_dependencies(/home/antoine/Documents/drones/install/dual_rviz_jazzy/share/colcon-core/packages/dual_rviz_jazzy)
[9.354s] DEBUG:colcon.colcon_parallel_executor.executor.parallel:closing loop
[9.354s] DEBUG:colcon.colcon_parallel_executor.executor.parallel:loop closed
[9.354s] DEBUG:colcon.colcon_parallel_executor.executor.parallel:run_until_complete finished with '2'
[9.354s] DEBUG:colcon.colcon_core.event_reactor:joining thread
[9.360s] INFO:colcon.colcon_core.plugin_system:Skipping extension 'colcon_notification.desktop_notification.terminal_notifier': Not used on non-Darwin systems
[9.360s] INFO:colcon.colcon_core.plugin_system:Skipping extension 'colcon_notification.desktop_notification.win32': Not used on non-Windows systems
[9.360s] INFO:colcon.colcon_notification.desktop_notification:Sending desktop notification using 'notify2'
[9.364s] DEBUG:colcon.colcon_core.event_reactor:joined thread
[9.364s] INFO:colcon.colcon_core.shell:Creating prefix script '/home/antoine/Documents/drones/install/local_setup.ps1'
[9.365s] INFO:colcon.colcon_core.shell:Creating prefix util module '/home/antoine/Documents/drones/install/_local_setup_util_ps1.py'
[9.366s] INFO:colcon.colcon_core.shell:Creating prefix chain script '/home/antoine/Documents/drones/install/setup.ps1'
[9.367s] INFO:colcon.colcon_core.shell:Creating prefix script '/home/antoine/Documents/drones/install/local_setup.sh'
[9.367s] INFO:colcon.colcon_core.shell:Creating prefix util module '/home/antoine/Documents/drones/install/_local_setup_util_sh.py'
[9.368s] INFO:colcon.colcon_core.shell:Creating prefix chain script '/home/antoine/Documents/drones/install/setup.sh'
[9.369s] INFO:colcon.colcon_core.shell:Creating prefix script '/home/antoine/Documents/drones/install/local_setup.bash'
[9.369s] INFO:colcon.colcon_core.shell:Creating prefix chain script '/home/antoine/Documents/drones/install/setup.bash'
[9.370s] INFO:colcon.colcon_core.shell:Creating prefix script '/home/antoine/Documents/drones/install/local_setup.zsh'
[9.371s] INFO:colcon.colcon_core.shell:Creating prefix chain script '/home/antoine/Documents/drones/install/setup.zsh'
